Archive member included to satisfy reference by file (symbol)

lcd/liblcd.a(lcd.c.obj)       CMakeFiles/firmware.dir/firmware.c.obj (lcd_clear)
freertos/libfreertos.a(queue.c.obj)
                              CMakeFiles/firmware.dir/firmware.c.obj (xQueueGenericCreate)
freertos/libfreertos.a(tasks.c.obj)
                              CMakeFiles/firmware.dir/firmware.c.obj (xTaskCreate)
freertos/libfreertos.a(timers.c.obj)
                              freertos/libfreertos.a(tasks.c.obj) (xTimerCreateTimerTask)
freertos/libfreertos.a(heap_3.c.obj)
                              freertos/libfreertos.a(queue.c.obj) (pvPortMalloc)
freertos/libfreertos.a(port.c.obj)
                              freertos/libfreertos.a(queue.c.obj) (vPortYield)
freertos/libfreertos.a(portasm.c.obj)
                              freertos/libfreertos.a(port.c.obj) (vRestoreContextOfFirstTask)
freertos/libfreertos.a(event_groups.c.obj)
                              freertos/libfreertos.a(port.c.obj) (xEventGroupCreate)
freertos/libfreertos.a(list.c.obj)
                              freertos/libfreertos.a(queue.c.obj) (vListInitialise)
eeprom/libeeprom.a(eeprom.c.obj)
                              CMakeFiles/firmware.dir/firmware.c.obj (eeprom_write_data)
ds3231/libds3231.a(ds3231.c.obj)
                              CMakeFiles/firmware.dir/firmware.c.obj (ds3231_set_datetime)
mcp4725/libmcp4725.a(mcp4725.c.obj)
                              CMakeFiles/firmware.dir/firmware.c.obj (mcp4725_begin)
C:/Users/aleja/.pico-sdk/toolchain/14_2_Rel1/bin/../lib/gcc/arm-none-eabi/14.2.1/thumb/v8-m.main+fp/softfp\libm.a(libm_a-wf_sqrt.o)
                              CMakeFiles/firmware.dir/C_/Users/aleja/.pico-sdk/sdk/2.1.1/src/rp2_common/pico_float/float_math.c.obj (sqrtf)
C:/Users/aleja/.pico-sdk/toolchain/14_2_Rel1/bin/../lib/gcc/arm-none-eabi/14.2.1/thumb/v8-m.main+fp/softfp\libm.a(libm_a-ef_sqrt.o)
                              C:/Users/aleja/.pico-sdk/toolchain/14_2_Rel1/bin/../lib/gcc/arm-none-eabi/14.2.1/thumb/v8-m.main+fp/softfp\libm.a(libm_a-wf_sqrt.o) (__ieee754_sqrtf)
C:/Users/aleja/.pico-sdk/toolchain/14_2_Rel1/bin/../lib/gcc/arm-none-eabi/14.2.1/thumb/v8-m.main+fp/softfp\libgcc.a(_arm_addsubdf3.o)
                              CMakeFiles/firmware.dir/firmware.c.obj (__aeabi_f2d)
C:/Users/aleja/.pico-sdk/toolchain/14_2_Rel1/bin/../lib/gcc/arm-none-eabi/14.2.1/thumb/v8-m.main+fp/softfp\libgcc.a(_aeabi_ldivmod.o)
                              CMakeFiles/firmware.dir/C_/Users/aleja/.pico-sdk/sdk/2.1.1/src/common/pico_time/time.c.obj (__aeabi_ldivmod)
C:/Users/aleja/.pico-sdk/toolchain/14_2_Rel1/bin/../lib/gcc/arm-none-eabi/14.2.1/thumb/v8-m.main+fp/softfp\libgcc.a(_aeabi_uldivmod.o)
                              CMakeFiles/firmware.dir/C_/Users/aleja/.pico-sdk/sdk/2.1.1/src/rp2_common/hardware_clocks/clocks.c.obj (__aeabi_uldivmod)
C:/Users/aleja/.pico-sdk/toolchain/14_2_Rel1/bin/../lib/gcc/arm-none-eabi/14.2.1/thumb/v8-m.main+fp/softfp\libgcc.a(_udivmoddi4.o)
                              C:/Users/aleja/.pico-sdk/toolchain/14_2_Rel1/bin/../lib/gcc/arm-none-eabi/14.2.1/thumb/v8-m.main+fp/softfp\libgcc.a(_aeabi_ldivmod.o) (__udivmoddi4)
C:/Users/aleja/.pico-sdk/toolchain/14_2_Rel1/bin/../lib/gcc/arm-none-eabi/14.2.1/thumb/v8-m.main+fp/softfp\libgcc.a(_dvmd_tls.o)
                              C:/Users/aleja/.pico-sdk/toolchain/14_2_Rel1/bin/../lib/gcc/arm-none-eabi/14.2.1/thumb/v8-m.main+fp/softfp\libgcc.a(_aeabi_ldivmod.o) (__aeabi_ldiv0)
C:/Users/aleja/.pico-sdk/toolchain/14_2_Rel1/bin/../lib/gcc/arm-none-eabi/14.2.1/thumb/v8-m.main+fp/softfp\libg.a(libc_a-calloc.o)
                              CMakeFiles/firmware.dir/C_/Users/aleja/.pico-sdk/sdk/2.1.1/src/rp2_common/pico_malloc/malloc.c.obj (calloc)
C:/Users/aleja/.pico-sdk/toolchain/14_2_Rel1/bin/../lib/gcc/arm-none-eabi/14.2.1/thumb/v8-m.main+fp/softfp\libg.a(libc_a-callocr.o)
                              C:/Users/aleja/.pico-sdk/toolchain/14_2_Rel1/bin/../lib/gcc/arm-none-eabi/14.2.1/thumb/v8-m.main+fp/softfp\libg.a(libc_a-calloc.o) (_calloc_r)
C:/Users/aleja/.pico-sdk/toolchain/14_2_Rel1/bin/../lib/gcc/arm-none-eabi/14.2.1/thumb/v8-m.main+fp/softfp\libg.a(libc_a-malloc.o)
                              CMakeFiles/firmware.dir/C_/Users/aleja/.pico-sdk/sdk/2.1.1/src/rp2_common/pico_malloc/malloc.c.obj (malloc)
C:/Users/aleja/.pico-sdk/toolchain/14_2_Rel1/bin/../lib/gcc/arm-none-eabi/14.2.1/thumb/v8-m.main+fp/softfp\libg.a(libc_a-mallocr.o)
                              C:/Users/aleja/.pico-sdk/toolchain/14_2_Rel1/bin/../lib/gcc/arm-none-eabi/14.2.1/thumb/v8-m.main+fp/softfp\libg.a(libc_a-callocr.o) (_malloc_r)
C:/Users/aleja/.pico-sdk/toolchain/14_2_Rel1/bin/../lib/gcc/arm-none-eabi/14.2.1/thumb/v8-m.main+fp/softfp\libg.a(libc_a-mlock.o)
                              C:/Users/aleja/.pico-sdk/toolchain/14_2_Rel1/bin/../lib/gcc/arm-none-eabi/14.2.1/thumb/v8-m.main+fp/softfp\libg.a(libc_a-mallocr.o) (__malloc_lock)
[...]
Memory Configuration

Name             Origin             Length             Attributes
FLASH            0x10000000         0x00400000         xr
RAM              0x20000000         0x00080000         xrw
SCRATCH_X        0x20080000         0x00001000         xrw
SCRATCH_Y        0x20081000         0x00001000         xrw
*default*        0x00000000         0xffffffff

Linker script and memory map

LOAD C:/Users/aleja/.pico-sdk/toolchain/14_2_Rel1/bin/../lib/gcc/arm-none-eabi/14.2.1/thumb/v8-m.main+fp/softfp/crti.o
LOAD C:/Users/aleja/.pico-sdk/toolchain/14_2_Rel1/bin/../lib/gcc/arm-none-eabi/14.2.1/thumb/v8-m.main+fp/softfp/crtbegin.o
LOAD C:/Users/aleja/.pico-sdk/toolchain/14_2_Rel1/bin/../lib/gcc/arm-none-eabi/14.2.1/thumb/v8-m.main+fp/softfp/crt0.o

.flash_begin    0x10000000        0x0
                0x10000000                        __flash_binary_start = .

.text           0x10000000     0xac6c
                0x10000000                        __logical_binary_start = .
 *(.vectors)
 .vectors       0x10000000      0x124 CMakeFiles/firmware.dir/C_/Users/aleja/.pico-sdk/sdk/2.1.1/src/rp2_common/pico_crt0/crt0.S.obj
                0x10000000                __vectors
                0x10000000                __VECTOR_TABLE
                0x10000110                isr_invalid
                0x10000110                __default_isrs_start
                0x10000112                isr_nmi
                0x10000114                isr_hardfault
                0x1000011c                isr_irq27
                0x1000011c                isr_irq32
                0x1000011c                isr_irq31
                0x1000011c                isr_irq5
                0x1000011c                isr_irq11
                0x1000011c                isr_irq45
                0x1000011c                isr_irq23
                0x1000011c                isr_irq48
                0x1000011c                isr_irq35
                0x1000011c                isr_irq18
                0x1000011c                isr_irq50
                0x1000011c                isr_irq43
                0x1000011c                isr_irq13
                0x1000011c                isr_irq28
                0x1000011c                isr_irq19
                0x1000011c                isr_irq36
                0x1000011c                isr_irq41
                0x1000011c                isr_irq0
                0x1000011c                isr_irq6
                0x1000011c                __unhandled_user_irq
                0x1000011c                isr_irq12
                0x1000011c                isr_irq37
                0x1000011c                isr_irq42
                0x1000011c                isr_irq22
                0x1000011c                isr_irq30
                0x1000011c                isr_irq17
                0x1000011c                isr_irq38
                0x1000011c                isr_irq14
                0x1000011c                isr_irq40
                0x1000011c                isr_irq2
                0x1000011c                isr_irq10
                0x1000011c                isr_irq8
                0x1000011c                isr_irq24
                0x1000011c                isr_irq46
                0x1000011c                isr_irq1
                0x1000011c                isr_irq47
                0x1000011c                isr_irq51
                0x1000011c                isr_irq7
                0x1000011c                isr_irq21
                0x1000011c                isr_irq39
                0x1000011c                isr_irq20
                0x1000011c                isr_irq15
                0x1000011c                isr_irq25
                0x1000011c                isr_irq34
                0x1000011c                isr_irq49
                0x1000011c                isr_irq4
                0x1000011c                isr_irq16
                0x1000011c                isr_irq44
                0x1000011c                isr_irq29
                0x1000011c                isr_irq26
                0x1000011c                __default_isrs_end
                0x1000011c                isr_irq33
                0x1000011c                isr_irq3
                0x1000011c                isr_irq9
                0x10000122                unhandled_user_irq_num_in_r0
 *(.binary_info_header)
 .binary_info_header
                0x10000124       0x14 CMakeFiles/firmware.dir/C_/Users/aleja/.pico-sdk/sdk/2.1.1/src/rp2_common/pico_crt0/crt0.S.obj
                0x10000138                        __binary_info_header_end = .
 *(.embedded_block)
 .embedded_block
                0x10000138       0x14 CMakeFiles/firmware.dir/C_/Users/aleja/.pico-sdk/sdk/2.1.1/src/rp2_common/pico_crt0/crt0.S.obj
                0x1000014c                        __embedded_block_end = .
 *(.reset)
 .reset         0x1000014c       0xa0 CMakeFiles/firmware.dir/C_/Users/aleja/.pico-sdk/sdk/2.1.1/src/rp2_common/pico_crt0/crt0.S.obj
                0x1000014c                _entry_point
 *(.init)
 .init          0x100001ec        0x4 C:/Users/aleja/.pico-sdk/toolchain/14_2_Rel1/bin/../lib/gcc/arm-none-eabi/14.2.1/thumb/v8-m.main+fp/softfp/crti.o
                0x100001ec                _init
 SORT_BY_NAME(REVERSE(*libgcc.a:cmse_nonsecure_call.o))()
 *(EXCLUDE_FILE(*libm.a: *libc.a:*lib_a-mem*.o *libgcc.a:) .text*)
 .text.register_tm_clones
                0x100001f0       0x28 C:/Users/aleja/.pico-sdk/toolchain/14_2_Rel1/bin/../lib/gcc/arm-none-eabi/14.2.1/thumb/v8-m.main+fp/softfp/crtbegin.o
 .text.frame_dummy
                0x10000218       0x24 C:/Users/aleja/.pico-sdk/toolchain/14_2_Rel1/bin/../lib/gcc/arm-none-eabi/14.2.1/thumb/v8-m.main+fp/softfp/crtbegin.o
 .text.gpio_callback
                0x1000023c      0x144 CMakeFiles/firmware.dir/firmware.c.obj
                0x1000023c                gpio_callback
 .text.task_Sensado
                0x10000380      0x130 CMakeFiles/firmware.dir/firmware.c.obj
                0x10000380                task_Sensado
 .text.task_Resistencia
                0x100004b0       0x4c CMakeFiles/firmware.dir/firmware.c.obj
                0x100004b0                task_Resistencia
 .text.task_Control
                0x100004fc      0x360 CMakeFiles/firmware.dir/firmware.c.obj
                0x100004fc                task_Control
 .text.task_DAC
                0x1000085c       0x48 CMakeFiles/firmware.dir/firmware.c.obj
                0x1000085c                task_DAC
 .text.task_Config
                0x100008a4      0x5b4 CMakeFiles/firmware.dir/firmware.c.obj
                0x100008a4                task_Config
 .text.task_EEPROM
                0x10000e58      0x240 CMakeFiles/firmware.dir/firmware.c.obj
                0x10000e58                task_EEPROM
 .text.task_LCD
                0x10001098      0x108 CMakeFiles/firmware.dir/firmware.c.obj
                0x10001098                task_LCD
 .text.task_Init
                0x100011a0      0x2d8 CMakeFiles/firmware.dir/firmware.c.obj
                0x100011a0                task_Init
 .text.startup.main
                0x10001478       0xe4 CMakeFiles/firmware.dir/firmware.c.obj
                0x10001478                main
 .text.gpio_default_irq_handler
                0x1000155c      0x1d4 CMakeFiles/firmware.dir/C_/Users/aleja/.pico-sdk/sdk/2.1.1/src/rp2_common/hardware_gpio/gpio.c.obj
 .text.gpio_set_function
                0x10001730       0x3c CMakeFiles/firmware.dir/C_/Users/aleja/.pico-sdk/sdk/2.1.1/src/rp2_common/hardware_gpio/gpio.c.obj
                0x10001730                gpio_set_function
 .text.gpio_set_pulls
                0x1000176c       0x28 CMakeFiles/firmware.dir/C_/Users/aleja/.pico-sdk/sdk/2.1.1/src/rp2_common/hardware_gpio/gpio.c.obj
                0x1000176c                gpio_set_pulls
 .text.gpio_set_irq_enabled
                0x10001794       0x48 CMakeFiles/firmware.dir/C_/Users/aleja/.pico-sdk/sdk/2.1.1/src/rp2_common/hardware_gpio/gpio.c.obj
                0x10001794                gpio_set_irq_enabled
 .text.gpio_set_irq_enabled_with_callback
                0x100017dc       0xa8 CMakeFiles/firmware.dir/C_/Users/aleja/.pico-sdk/sdk/2.1.1/src/rp2_common/hardware_gpio/gpio.c.obj
                0x100017dc                gpio_set_irq_enabled_with_callback
 .text.gpio_set_input_enabled
                0x10001884       0x20 CMakeFiles/firmware.dir/C_/Users/aleja/.pico-sdk/sdk/2.1.1/src/rp2_common/hardware_gpio/gpio.c.obj
                0x10001884                gpio_set_input_enabled
 .text.gpio_init
                0x100018a4       0x48 CMakeFiles/firmware.dir/C_/Users/aleja/.pico-sdk/sdk/2.1.1/src/rp2_common/hardware_gpio/gpio.c.obj
                0x100018a4                gpio_init
 .text.panic    0x100018ec       0x30 CMakeFiles/firmware.dir/C_/Users/aleja/.pico-sdk/sdk/2.1.1/src/rp2_common/pico_platform_panic/panic.c.obj
                0x100018ec                panic
 .text.hw_claim_or_assert
                0x1000191c       0x58 CMakeFiles/firmware.dir/C_/Users/aleja/.pico-sdk/sdk/2.1.1/src/common/hardware_claim/claim.c.obj
                0x1000191c                hw_claim_or_assert
 .text.hw_claim_unused_from_range
                0x10001974       0x80 CMakeFiles/firmware.dir/C_/Users/aleja/.pico-sdk/sdk/2.1.1/src/common/hardware_claim/claim.c.obj
                0x10001974                hw_claim_unused_from_range
 .text.next_striped_spin_lock_num
                0x100019f4       0x18 CMakeFiles/firmware.dir/C_/Users/aleja/.pico-sdk/sdk/2.1.1/src/rp2_common/hardware_sync/sync.c.obj
                0x100019f4                next_striped_spin_lock_num
 .text.spin_lock_claim_unused
                0x10001a0c       0x20 CMakeFiles/firmware.dir/C_/Users/aleja/.pico-sdk/sdk/2.1.1/src/rp2_common/hardware_sync/sync.c.obj
                0x10001a0c                spin_lock_claim_unused
 .text.spinlock_set_extexclall
                0x10001a2c       0x10 CMakeFiles/firmware.dir/C_/Users/aleja/.pico-sdk/sdk/2.1.1/src/rp2_common/hardware_sync_spin_lock/sync_spin_lock.c.obj
 .text.spin_locks_reset
                0x10001a3c       0x18 CMakeFiles/firmware.dir/C_/Users/aleja/.pico-sdk/sdk/2.1.1/src/rp2_common/hardware_sync_spin_lock/sync_spin_lock.c.obj
                0x10001a3c                spin_locks_reset
 .text.runtime_init_per_core_irq_priorities
                0x10001a54       0x40 CMakeFiles/firmware.dir/C_/Users/aleja/.pico-sdk/sdk/2.1.1/src/rp2_common/hardware_irq/irq.c.obj
                0x10001a54                runtime_init_per_core_irq_priorities
 .text.irq_set_enabled
                0x10001a94       0x2c CMakeFiles/firmware.dir/C_/Users/aleja/.pico-sdk/sdk/2.1.1/src/rp2_common/hardware_irq/irq.c.obj
                0x10001a94                irq_set_enabled
 .text.irq_is_enabled
                0x10001ac0       0x20 CMakeFiles/firmware.dir/C_/Users/aleja/.pico-sdk/sdk/2.1.1/src/rp2_common/hardware_irq/irq.c.obj
                0x10001ac0                irq_is_enabled
 .text.irq_set_pending
                0x10001ae0       0x18 CMakeFiles/firmware.dir/C_/Users/aleja/.pico-sdk/sdk/2.1.1/src/rp2_common/hardware_irq/irq.c.obj
                0x10001ae0                irq_set_pending
 .text.irq_has_shared_handler
                0x10001af8       0x20 CMakeFiles/firmware.dir/C_/Users/aleja/.pico-sdk/sdk/2.1.1/src/rp2_common/hardware_irq/irq.c.obj
                0x10001af8                irq_has_shared_handler
 .text.irq_set_exclusive_handler
                0x10001b18       0x60 CMakeFiles/firmware.dir/C_/Users/aleja/.pico-sdk/sdk/2.1.1/src/rp2_common/hardware_irq/irq.c.obj
                0x10001b18                irq_set_exclusive_handler
 .text.irq_add_shared_handler
                0x10001b78      0x1e8 CMakeFiles/firmware.dir/C_/Users/aleja/.pico-sdk/sdk/2.1.1/src/rp2_common/hardware_irq/irq.c.obj
                0x10001b78                irq_add_shared_handler
 .text.irq_remove_handler
                0x10001d60      0x1f4 CMakeFiles/firmware.dir/C_/Users/aleja/.pico-sdk/sdk/2.1.1/src/rp2_common/hardware_irq/irq.c.obj
                0x10001d60                irq_remove_handler
 .text.irq_add_tail_to_free_list
                0x10001f54       0xbc CMakeFiles/firmware.dir/C_/Users/aleja/.pico-sdk/sdk/2.1.1/src/rp2_common/hardware_irq/irq.c.obj
                0x10001f54                irq_add_tail_to_free_list
 .text.user_irq_claim_unused
                0x10002010       0x28 CMakeFiles/firmware.dir/C_/Users/aleja/.pico-sdk/sdk/2.1.1/src/rp2_common/hardware_irq/irq.c.obj
                0x10002010                user_irq_claim_unused
 .text.lock_init
                0x10002038        0xc CMakeFiles/firmware.dir/C_/Users/aleja/.pico-sdk/sdk/2.1.1/src/common/pico_sync/lock_core.c.obj
                0x10002038                lock_init
 .text.runtime_init_mutex
                0x10002044       0x4c CMakeFiles/firmware.dir/C_/Users/aleja/.pico-sdk/sdk/2.1.1/src/common/pico_sync/mutex.c.obj
                0x10002044                runtime_init_mutex
 .text.mutex_init
                0x10002090       0x1c CMakeFiles/firmware.dir/C_/Users/aleja/.pico-sdk/sdk/2.1.1/src/common/pico_sync/mutex.c.obj
                0x10002090                mutex_init
 .text.critical_section_init
                0x100020ac       0x1c CMakeFiles/firmware.dir/C_/Users/aleja/.pico-sdk/sdk/2.1.1/src/common/pico_sync/critical_section.c.obj
                0x100020ac                critical_section_init
 .text.critical_section_init_with_lock_num
                0x100020c8       0x10 CMakeFiles/firmware.dir/C_/Users/aleja/.pico-sdk/sdk/2.1.1/src/common/pico_sync/critical_section.c.obj
                0x100020c8                critical_section_init_with_lock_num
 .text.sleep_until_callback
                0x100020d8       0x3c CMakeFiles/firmware.dir/C_/Users/aleja/.pico-sdk/sdk/2.1.1/src/common/pico_time/time.c.obj
 *fill*         0x10002114        0x4 
 .text.alarm_pool_irq_handler
                0x10002118      0x2f0 CMakeFiles/firmware.dir/C_/Users/aleja/.pico-sdk/sdk/2.1.1/src/common/pico_time/time.c.obj
 .text.runtime_init_default_alarm_pool
                0x10002408      0x100 CMakeFiles/firmware.dir/C_/Users/aleja/.pico-sdk/sdk/2.1.1/src/common/pico_time/time.c.obj
                0x10002408                runtime_init_default_alarm_pool
 .text.alarm_pool_get_default
                0x10002508        0x8 CMakeFiles/firmware.dir/C_/Users/aleja/.pico-sdk/sdk/2.1.1/src/common/pico_time/time.c.obj
                0x10002508                alarm_pool_get_default
 .text.alarm_pool_add_alarm_at
                0x10002510       0xdc CMakeFiles/firmware.dir/C_/Users/aleja/.pico-sdk/sdk/2.1.1/src/common/pico_time/time.c.obj
                0x10002510                alarm_pool_add_alarm_at
 .text.alarm_pool_add_alarm_at_force_in_context
                0x100025ec       0xc8 CMakeFiles/firmware.dir/C_/Users/aleja/.pico-sdk/sdk/2.1.1/src/common/pico_time/time.c.obj
                0x100025ec                alarm_pool_add_alarm_at_force_in_context
 .text.alarm_pool_cancel_alarm
                0x100026b4       0x80 CMakeFiles/firmware.dir/C_/Users/aleja/.pico-sdk/sdk/2.1.1/src/common/pico_time/time.c.obj
                0x100026b4                alarm_pool_cancel_alarm
 .text.alarm_pool_core_num
                0x10002734        0x4 CMakeFiles/firmware.dir/C_/Users/aleja/.pico-sdk/sdk/2.1.1/src/common/pico_time/time.c.obj
                0x10002734                alarm_pool_core_num
 .text.sleep_us
                0x10002738       0xd8 CMakeFiles/firmware.dir/C_/Users/aleja/.pico-sdk/sdk/2.1.1/src/common/pico_time/time.c.obj
                0x10002738                sleep_us
 .text.sleep_ms
                0x10002810       0xdc CMakeFiles/firmware.dir/C_/Users/aleja/.pico-sdk/sdk/2.1.1/src/common/pico_time/time.c.obj
                0x10002810                sleep_ms
 .text.best_effort_wfe_or_timeout
                0x100028ec       0xd4 CMakeFiles/firmware.dir/C_/Users/aleja/.pico-sdk/sdk/2.1.1/src/common/pico_time/time.c.obj
                0x100028ec                best_effort_wfe_or_timeout
 .text.check_single_timeout_us
                0x100029c0       0x30 CMakeFiles/firmware.dir/C_/Users/aleja/.pico-sdk/sdk/2.1.1/src/common/pico_time/timeout_helper.c.obj
 .text.init_single_timeout_until
                0x100029f0       0x10 CMakeFiles/firmware.dir/C_/Users/aleja/.pico-sdk/sdk/2.1.1/src/common/pico_time/timeout_helper.c.obj
                0x100029f0                init_single_timeout_until
 .text.timer_hardware_alarm_claim
                0x10002a00       0x24 CMakeFiles/firmware.dir/C_/Users/aleja/.pico-sdk/sdk/2.1.1/src/rp2_common/hardware_timer/timer.c.obj
                0x10002a00                timer_hardware_alarm_claim
 .text.timer_time_us_64
                0x10002a24       0x10 CMakeFiles/firmware.dir/C_/Users/aleja/.pico-sdk/sdk/2.1.1/src/rp2_common/hardware_timer/timer.c.obj
                0x10002a24                timer_time_us_64
 .text.time_us_64
                0x10002a34       0x14 CMakeFiles/firmware.dir/C_/Users/aleja/.pico-sdk/sdk/2.1.1/src/rp2_common/hardware_timer/timer.c.obj
                0x10002a34                time_us_64
 .text.busy_wait_until
                0x10002a48       0x24 CMakeFiles/firmware.dir/C_/Users/aleja/.pico-sdk/sdk/2.1.1/src/rp2_common/hardware_timer/timer.c.obj
                0x10002a48                busy_wait_until
 .text.clock_configure_undivided
                0x10002a6c       0xd0 CMakeFiles/firmware.dir/C_/Users/aleja/.pico-sdk/sdk/2.1.1/src/rp2_common/hardware_clocks/clocks.c.obj
                0x10002a6c                clock_configure_undivided
 .text.clock_get_hz
                0x10002b3c        0xc CMakeFiles/firmware.dir/C_/Users/aleja/.pico-sdk/sdk/2.1.1/src/rp2_common/hardware_clocks/clocks.c.obj
                0x10002b3c                clock_get_hz
 .text.pll_init
                0x10002b48       0x8c CMakeFiles/firmware.dir/C_/Users/aleja/.pico-sdk/sdk/2.1.1/src/rp2_common/hardware_pll/pll.c.obj
                0x10002b48                pll_init
 .text.watchdog_reboot
                0x10002bd4       0x98 CMakeFiles/firmware.dir/C_/Users/aleja/.pico-sdk/sdk/2.1.1/src/rp2_common/hardware_watchdog/watchdog.c.obj
                0x10002bd4                watchdog_reboot
 .text.tick_start
                0x10002c6c       0x18 CMakeFiles/firmware.dir/C_/Users/aleja/.pico-sdk/sdk/2.1.1/src/rp2_common/hardware_ticks/ticks.c.obj
                0x10002c6c                tick_start
 .text.rom_reboot.constprop.0.isra.0
                0x10002c84       0x34 CMakeFiles/firmware.dir/C_/Users/aleja/.pico-sdk/sdk/2.1.1/src/rp2_common/pico_bootrom/bootrom.c.obj
 .text.rom_func_lookup
                0x10002cb8       0x18 CMakeFiles/firmware.dir/C_/Users/aleja/.pico-sdk/sdk/2.1.1/src/rp2_common/pico_bootrom/bootrom.c.obj
                0x10002cb8                rom_func_lookup
 .text.rom_reset_usb_boot_extra
                0x10002cd0       0x1c CMakeFiles/firmware.dir/C_/Users/aleja/.pico-sdk/sdk/2.1.1/src/rp2_common/pico_bootrom/bootrom.c.obj
                0x10002cd0                rom_reset_usb_boot_extra
 .text.runtime_init_bootrom_locking_enable
                0x10002cec       0x14 CMakeFiles/firmware.dir/C_/Users/aleja/.pico-sdk/sdk/2.1.1/src/rp2_common/pico_bootrom/bootrom_lock.c.obj
                0x10002cec                runtime_init_bootrom_locking_enable
 .text.runtime_init_boot_locks_reset
                0x10002d00       0x1c CMakeFiles/firmware.dir/C_/Users/aleja/.pico-sdk/sdk/2.1.1/src/rp2_common/hardware_boot_lock/boot_lock.c.obj
                0x10002d00                runtime_init_boot_locks_reset
 .text.xosc_init
                0x10002d1c       0x30 CMakeFiles/firmware.dir/C_/Users/aleja/.pico-sdk/sdk/2.1.1/src/rp2_common/hardware_xosc/xosc.c.obj
                0x10002d1c                xosc_init
 .text.first_per_core_initializer
                0x10002d4c        0x4 CMakeFiles/firmware.dir/C_/Users/aleja/.pico-sdk/sdk/2.1.1/src/rp2_common/pico_runtime/runtime.c.obj
 .text.hard_assertion_failure
                0x10002d50        0xc CMakeFiles/firmware.dir/C_/Users/aleja/.pico-sdk/sdk/2.1.1/src/rp2_common/pico_runtime/runtime.c.obj
                0x10002d50                hard_assertion_failure
 .text.runtime_run_initializers
                0x10002d5c       0x20 CMakeFiles/firmware.dir/C_/Users/aleja/.pico-sdk/sdk/2.1.1/src/rp2_common/pico_runtime/runtime.c.obj
                0x10002d5c                runtime_run_initializers
 .text.runtime_init_early_resets
                0x10002d7c       0x34 CMakeFiles/firmware.dir/C_/Users/aleja/.pico-sdk/sdk/2.1.1/src/rp2_common/pico_runtime_init/runtime_init.c.obj
                0x10002d7c                runtime_init_early_resets
 .text.runtime_init_usb_power_down
                0x10002db0       0x1c CMakeFiles/firmware.dir/C_/Users/aleja/.pico-sdk/sdk/2.1.1/src/rp2_common/pico_runtime_init/runtime_init.c.obj
                0x10002db0                runtime_init_usb_power_down
 .text.runtime_init_per_core_enable_coprocessors
                0x10002dcc       0x1c CMakeFiles/firmware.dir/C_/Users/aleja/.pico-sdk/sdk/2.1.1/src/rp2_common/pico_runtime_init/runtime_init.c.obj
                0x10002dcc                runtime_init_per_core_enable_coprocessors
 .text.runtime_init_post_clock_resets
                0x10002de8       0x20 CMakeFiles/firmware.dir/C_/Users/aleja/.pico-sdk/sdk/2.1.1/src/rp2_common/pico_runtime_init/runtime_init.c.obj
                0x10002de8                runtime_init_post_clock_resets
 .text.runtime_init_bootrom_reset
                0x10002e08       0x14 CMakeFiles/firmware.dir/C_/Users/aleja/.pico-sdk/sdk/2.1.1/src/rp2_common/pico_runtime_init/runtime_init.c.obj
                0x10002e08                runtime_init_bootrom_reset
 .text.runtime_init_per_core_bootrom_reset
                0x10002e1c       0x14 CMakeFiles/firmware.dir/C_/Users/aleja/.pico-sdk/sdk/2.1.1/src/rp2_common/pico_runtime_init/runtime_init.c.obj
                0x10002e1c                runtime_init_per_core_bootrom_reset
 .text.runtime_init_spin_locks_reset
                0x10002e30        0x4 CMakeFiles/firmware.dir/C_/Users/aleja/.pico-sdk/sdk/2.1.1/src/rp2_common/pico_runtime_init/runtime_init.c.obj
                0x10002e30                runtime_init_spin_locks_reset
 .text.runtime_init_install_ram_vector_table
                0x10002e34       0x20 CMakeFiles/firmware.dir/C_/Users/aleja/.pico-sdk/sdk/2.1.1/src/rp2_common/pico_runtime_init/runtime_init.c.obj
                0x10002e34                runtime_init_install_ram_vector_table
 .text.runtime_init_clocks
                0x10002e54       0xdc CMakeFiles/firmware.dir/C_/Users/aleja/.pico-sdk/sdk/2.1.1/src/rp2_common/pico_runtime_init/runtime_init_clocks.c.obj
                0x10002e54                runtime_init_clocks
 .text.__rp2350_dcp_engaged_state_save_restore
                0x10002f30       0x3a CMakeFiles/firmware.dir/C_/Users/aleja/.pico-sdk/sdk/2.1.1/src/rp2_common/pico_double/double_aeabi_dcp.S.obj
 *fill*         0x10002f6a        0x2 
 .text.__wrap___aeabi_dadd
                0x10002f6c       0x28 CMakeFiles/firmware.dir/C_/Users/aleja/.pico-sdk/sdk/2.1.1/src/rp2_common/pico_double/double_aeabi_dcp.S.obj
                0x10002f74                __wrap___aeabi_dadd
 .text.__wrap___aeabi_dsub
                0x10002f94       0x28 CMakeFiles/firmware.dir/C_/Users/aleja/.pico-sdk/sdk/2.1.1/src/rp2_common/pico_double/double_aeabi_dcp.S.obj
                0x10002f9c                __wrap___aeabi_dsub
 .text.__wrap___aeabi_dmul
                0x10002fbc       0x4c CMakeFiles/firmware.dir/C_/Users/aleja/.pico-sdk/sdk/2.1.1/src/rp2_common/pico_double/double_aeabi_dcp.S.obj
                0x10002fc4                __wrap___aeabi_dmul
 .text.__wrap___aeabi_ddiv
                0x10003008       0x9c CMakeFiles/firmware.dir/C_/Users/aleja/.pico-sdk/sdk/2.1.1/src/rp2_common/pico_double/double_aeabi_dcp.S.obj
                0x10003010                __wrap___aeabi_ddiv
 .text.__wrap___aeabi_i2d
                0x100030a4       0x24 CMakeFiles/firmware.dir/C_/Users/aleja/.pico-sdk/sdk/2.1.1/src/rp2_common/pico_double/double_aeabi_dcp.S.obj
                0x100030ac                int2double
                0x100030ac                __wrap___aeabi_i2d
 .text.__wrap___aeabi_ui2d
                0x100030c8       0x24 CMakeFiles/firmware.dir/C_/Users/aleja/.pico-sdk/sdk/2.1.1/src/rp2_common/pico_double/double_aeabi_dcp.S.obj
                0x100030d0                uint2double
                0x100030d0                __wrap___aeabi_ui2d
 .text.__wrap___aeabi_d2iz
                0x100030ec       0x24 CMakeFiles/firmware.dir/C_/Users/aleja/.pico-sdk/sdk/2.1.1/src/rp2_common/pico_double/double_aeabi_dcp.S.obj
                0x100030f4                double2int_z
                0x100030f4                __wrap___aeabi_d2iz
 .text.__wrap___aeabi_d2uiz
                0x10003110       0x24 CMakeFiles/firmware.dir/C_/Users/aleja/.pico-sdk/sdk/2.1.1/src/rp2_common/pico_double/double_aeabi_dcp.S.obj
                0x10003118                double2uint
                0x10003118                __wrap___aeabi_d2uiz
                0x10003118                double2uint_z
 .text.__wrap___aeabi_dcmpun
                0x10003134       0x24 CMakeFiles/firmware.dir/C_/Users/aleja/.pico-sdk/sdk/2.1.1/src/rp2_common/pico_double/double_aeabi_dcp.S.obj
                0x1000313c                __wrap___aeabi_dcmpun
 .text.__wrap___aeabi_dcmplt
                0x10003158       0x28 CMakeFiles/firmware.dir/C_/Users/aleja/.pico-sdk/sdk/2.1.1/src/rp2_common/pico_double/double_aeabi_dcp.S.obj
                0x10003160                __wrap___aeabi_dcmplt
 .text.__wrap___aeabi_dcmple
                0x10003180       0x28 CMakeFiles/firmware.dir/C_/Users/aleja/.pico-sdk/sdk/2.1.1/src/rp2_common/pico_double/double_aeabi_dcp.S.obj
                0x10003188                __wrap___aeabi_dcmple
 .text.__wrap___aeabi_dcmpge
                0x100031a8       0x28 CMakeFiles/firmware.dir/C_/Users/aleja/.pico-sdk/sdk/2.1.1/src/rp2_common/pico_double/double_aeabi_dcp.S.obj
                0x100031b0                __wrap___aeabi_dcmpge
 .text.__wrap___aeabi_dcmpgt
                0x100031d0       0x28 CMakeFiles/firmware.dir/C_/Users/aleja/.pico-sdk/sdk/2.1.1/src/rp2_common/pico_double/double_aeabi_dcp.S.obj
                0x100031d8                __wrap___aeabi_dcmpgt
 .text.__wrap_malloc
                0x100031f8       0x24 CMakeFiles/firmware.dir/C_/Users/aleja/.pico-sdk/sdk/2.1.1/src/rp2_common/pico_malloc/malloc.c.obj
                0x100031f8                __wrap_malloc
 .text.__wrap_free
                0x1000321c        0x4 CMakeFiles/firmware.dir/C_/Users/aleja/.pico-sdk/sdk/2.1.1/src/rp2_common/pico_malloc/malloc.c.obj
                0x1000321c                __wrap_free
 .text._out_buffer
                0x10003220        0x8 CMakeFiles/firmware.dir/C_/Users/aleja/.pico-sdk/sdk/2.1.1/src/rp2_common/pico_printf/printf.c.obj
 .text._out_null
                0x10003228        0x4 CMakeFiles/firmware.dir/C_/Users/aleja/.pico-sdk/sdk/2.1.1/src/rp2_common/pico_printf/printf.c.obj
 .text._out_rev
                0x1000322c       0x9c CMakeFiles/firmware.dir/C_/Users/aleja/.pico-sdk/sdk/2.1.1/src/rp2_common/pico_printf/printf.c.obj
 .text._ntoa_format
                0x100032c8      0x1d4 CMakeFiles/firmware.dir/C_/Users/aleja/.pico-sdk/sdk/2.1.1/src/rp2_common/pico_printf/printf.c.obj
 .text._out_char
                0x1000349c        0x8 CMakeFiles/firmware.dir/C_/Users/aleja/.pico-sdk/sdk/2.1.1/src/rp2_common/pico_printf/printf.c.obj
 *fill*         0x100034a4        0x4 
 .text._ftoa    0x100034a8      0x4bc CMakeFiles/firmware.dir/C_/Users/aleja/.pico-sdk/sdk/2.1.1/src/rp2_common/pico_printf/printf.c.obj
 *fill*         0x10003964        0x4 
 .text._etoa    0x10003968      0x574 CMakeFiles/firmware.dir/C_/Users/aleja/.pico-sdk/sdk/2.1.1/src/rp2_common/pico_printf/printf.c.obj
 .text._vsnprintf
                0x10003edc      0x9e4 CMakeFiles/firmware.dir/C_/Users/aleja/.pico-sdk/sdk/2.1.1/src/rp2_common/pico_printf/printf.c.obj
 .text.__wrap_snprintf
                0x100048c0       0x2c CMakeFiles/firmware.dir/C_/Users/aleja/.pico-sdk/sdk/2.1.1/src/rp2_common/pico_printf/printf.c.obj
                0x100048c0                __wrap_snprintf
 .text.weak_raw_vprintf
                0x100048ec       0x30 CMakeFiles/firmware.dir/C_/Users/aleja/.pico-sdk/sdk/2.1.1/src/rp2_common/pico_printf/printf.c.obj
                0x100048ec                weak_raw_vprintf
 .text._exit    0x1000491c        0x4 CMakeFiles/firmware.dir/C_/Users/aleja/.pico-sdk/sdk/2.1.1/src/rp2_common/pico_clib_interface/newlib_interface.c.obj
                0x1000491c                _exit
 .text._sbrk    0x10004920       0x2c CMakeFiles/firmware.dir/C_/Users/aleja/.pico-sdk/sdk/2.1.1/src/rp2_common/pico_clib_interface/newlib_interface.c.obj
                0x10004920                _sbrk
 .text.exit     0x1000494c        0x8 CMakeFiles/firmware.dir/C_/Users/aleja/.pico-sdk/sdk/2.1.1/src/rp2_common/pico_clib_interface/newlib_interface.c.obj
                0x1000494c                exit
 .text.runtime_init
                0x10004954       0x24 CMakeFiles/firmware.dir/C_/Users/aleja/.pico-sdk/sdk/2.1.1/src/rp2_common/pico_clib_interface/newlib_interface.c.obj
                0x10004954                runtime_init
 .text.stdio_out_chars_no_crlf
                0x10004978        0x8 CMakeFiles/firmware.dir/C_/Users/aleja/.pico-sdk/sdk/2.1.1/src/rp2_common/pico_stdio/stdio.c.obj
 .text.stdio_out_chars_crlf
                0x10004980       0xb0 CMakeFiles/firmware.dir/C_/Users/aleja/.pico-sdk/sdk/2.1.1/src/rp2_common/pico_stdio/stdio.c.obj
 .text.stdio_put_string
                0x10004a30       0xec CMakeFiles/firmware.dir/C_/Users/aleja/.pico-sdk/sdk/2.1.1/src/rp2_common/pico_stdio/stdio.c.obj
                0x10004a30                stdio_put_string
 .text.stdio_set_driver_enabled
                0x10004b1c       0x28 CMakeFiles/firmware.dir/C_/Users/aleja/.pico-sdk/sdk/2.1.1/src/rp2_common/pico_stdio/stdio.c.obj
                0x10004b1c                stdio_set_driver_enabled
 .text.stdio_init_all
                0x10004b44        0x4 CMakeFiles/firmware.dir/C_/Users/aleja/.pico-sdk/sdk/2.1.1/src/rp2_common/pico_stdio/stdio.c.obj
                0x10004b44                stdio_init_all
 .text.__wrap_putchar
                0x10004b48       0x84 CMakeFiles/firmware.dir/C_/Users/aleja/.pico-sdk/sdk/2.1.1/src/rp2_common/pico_stdio/stdio.c.obj
                0x10004b48                __wrap_putchar
                0x10004b48                stdio_putchar
 .text.__wrap_puts
                0x10004bcc       0x3c CMakeFiles/firmware.dir/C_/Users/aleja/.pico-sdk/sdk/2.1.1/src/rp2_common/pico_stdio/stdio.c.obj
                0x10004bcc                stdio_puts
                0x10004bcc                __wrap_puts
 .text.resetd_init
                0x10004c08        0x4 CMakeFiles/firmware.dir/C_/Users/aleja/.pico-sdk/sdk/2.1.1/src/rp2_common/pico_stdio_usb/reset_interface.c.obj
 .text.resetd_reset
                0x10004c0c        0xc CMakeFiles/firmware.dir/C_/Users/aleja/.pico-sdk/sdk/2.1.1/src/rp2_common/pico_stdio_usb/reset_interface.c.obj
 .text.resetd_open
                0x10004c18       0x28 CMakeFiles/firmware.dir/C_/Users/aleja/.pico-sdk/sdk/2.1.1/src/rp2_common/pico_stdio_usb/reset_interface.c.obj
 .text.resetd_xfer_cb
                0x10004c40        0x4 CMakeFiles/firmware.dir/C_/Users/aleja/.pico-sdk/sdk/2.1.1/src/rp2_common/pico_stdio_usb/reset_interface.c.obj
 .text.resetd_control_xfer_cb
                0x10004c44       0x50 CMakeFiles/firmware.dir/C_/Users/aleja/.pico-sdk/sdk/2.1.1/src/rp2_common/pico_stdio_usb/reset_interface.c.obj
 .text.tud_descriptor_bos_cb
                0x10004c94        0x8 CMakeFiles/firmware.dir/C_/Users/aleja/.pico-sdk/sdk/2.1.1/src/rp2_common/pico_stdio_usb/reset_interface.c.obj
                0x10004c94                tud_descriptor_bos_cb
 .text.tud_vendor_control_xfer_cb
                0x10004c9c       0x28 CMakeFiles/firmware.dir/C_/Users/aleja/.pico-sdk/sdk/2.1.1/src/rp2_common/pico_stdio_usb/reset_interface.c.obj
                0x10004c9c                tud_vendor_control_xfer_cb
 .text.usbd_app_driver_get_cb
                0x10004cc4       0x10 CMakeFiles/firmware.dir/C_/Users/aleja/.pico-sdk/sdk/2.1.1/src/rp2_common/pico_stdio_usb/reset_interface.c.obj
                0x10004cc4                usbd_app_driver_get_cb
 .text.tud_cdc_line_coding_cb
                0x10004cd4       0x18 CMakeFiles/firmware.dir/C_/Users/aleja/.pico-sdk/sdk/2.1.1/src/rp2_common/pico_stdio_usb/reset_interface.c.obj
                0x10004cd4                tud_cdc_line_coding_cb
 .text.stdio_usb_set_chars_available_callback
                0x10004cec       0x14 CMakeFiles/firmware.dir/C_/Users/aleja/.pico-sdk/sdk/2.1.1/src/rp2_common/pico_stdio_usb/stdio_usb.c.obj
                0x10004cec                stdio_usb_set_chars_available_callback
 .text.timer_task
                0x10004d00       0x70 CMakeFiles/firmware.dir/C_/Users/aleja/.pico-sdk/sdk/2.1.1/src/rp2_common/pico_stdio_usb/stdio_usb.c.obj
 .text.usb_irq  0x10004d70        0xc CMakeFiles/firmware.dir/C_/Users/aleja/.pico-sdk/sdk/2.1.1/src/rp2_common/pico_stdio_usb/stdio_usb.c.obj
 .text.stdio_usb_in_chars
                0x10004d7c       0x88 CMakeFiles/firmware.dir/C_/Users/aleja/.pico-sdk/sdk/2.1.1/src/rp2_common/pico_stdio_usb/stdio_usb.c.obj
                0x10004d7c                stdio_usb_in_chars
 .text.stdio_usb_out_flush
                0x10004e04       0x54 CMakeFiles/firmware.dir/C_/Users/aleja/.pico-sdk/sdk/2.1.1/src/rp2_common/pico_stdio_usb/stdio_usb.c.obj
 .text.stdio_usb_out_chars
                0x10004e58       0xf4 CMakeFiles/firmware.dir/C_/Users/aleja/.pico-sdk/sdk/2.1.1/src/rp2_common/pico_stdio_usb/stdio_usb.c.obj
 .text.low_priority_worker_irq
                0x10004f4c       0xd8 CMakeFiles/firmware.dir/C_/Users/aleja/.pico-sdk/sdk/2.1.1/src/rp2_common/pico_stdio_usb/stdio_usb.c.obj
 .text.stdio_usb_init
                0x10005024       0xe8 CMakeFiles/firmware.dir/C_/Users/aleja/.pico-sdk/sdk/2.1.1/src/rp2_common/pico_stdio_usb/stdio_usb.c.obj
                0x10005024                stdio_usb_init
 .text.tud_descriptor_device_cb
                0x1000510c        0x8 CMakeFiles/firmware.dir/C_/Users/aleja/.pico-sdk/sdk/2.1.1/src/rp2_common/pico_stdio_usb/stdio_usb_descriptors.c.obj
                0x1000510c                tud_descriptor_device_cb
 .text.tud_descriptor_configuration_cb
                0x10005114        0x8 CMakeFiles/firmware.dir/C_/Users/aleja/.pico-sdk/sdk/2.1.1/src/rp2_common/pico_stdio_usb/stdio_usb_descriptors.c.obj
                0x10005114                tud_descriptor_configuration_cb
 .text.tud_descriptor_string_cb
                0x1000511c       0x70 CMakeFiles/firmware.dir/C_/Users/aleja/.pico-sdk/sdk/2.1.1/src/rp2_common/pico_stdio_usb/stdio_usb_descriptors.c.obj
                0x1000511c                tud_descriptor_string_cb
 .text.startup._retrieve_unique_id_on_boot
                0x1000518c       0x30 CMakeFiles/firmware.dir/C_/Users/aleja/.pico-sdk/sdk/2.1.1/src/rp2_common/pico_unique_id/unique_id.c.obj
 .text.pico_get_unique_board_id_string
                0x100051bc      0x184 CMakeFiles/firmware.dir/C_/Users/aleja/.pico-sdk/sdk/2.1.1/src/rp2_common/pico_unique_id/unique_id.c.obj
                0x100051bc                pico_get_unique_board_id_string
 .text.dcd_init
                0x10005340       0x8c CMakeFiles/firmware.dir/C_/Users/aleja/.pico-sdk/sdk/2.1.1/lib/tinyusb/src/portable/raspberrypi/rp2040/dcd_rp2040.c.obj
                0x10005340                dcd_init
 .text.dcd_int_enable
                0x100053cc        0x8 CMakeFiles/firmware.dir/C_/Users/aleja/.pico-sdk/sdk/2.1.1/lib/tinyusb/src/portable/raspberrypi/rp2040/dcd_rp2040.c.obj
                0x100053cc                dcd_int_enable
 .text.dcd_set_address
                0x100053d4       0x10 CMakeFiles/firmware.dir/C_/Users/aleja/.pico-sdk/sdk/2.1.1/lib/tinyusb/src/portable/raspberrypi/rp2040/dcd_rp2040.c.obj
                0x100053d4                dcd_set_address
 .text.dcd_sof_enable
                0x100053e4       0x1c CMakeFiles/firmware.dir/C_/Users/aleja/.pico-sdk/sdk/2.1.1/lib/tinyusb/src/portable/raspberrypi/rp2040/dcd_rp2040.c.obj
                0x100053e4                dcd_sof_enable
 .text.dcd_edpt0_status_complete
                0x10005400       0x1c CMakeFiles/firmware.dir/C_/Users/aleja/.pico-sdk/sdk/2.1.1/lib/tinyusb/src/portable/raspberrypi/rp2040/dcd_rp2040.c.obj
                0x10005400                dcd_edpt0_status_complete
 .text.dcd_edpt_open
                0x1000541c      0x104 CMakeFiles/firmware.dir/C_/Users/aleja/.pico-sdk/sdk/2.1.1/lib/tinyusb/src/portable/raspberrypi/rp2040/dcd_rp2040.c.obj
                0x1000541c                dcd_edpt_open
 .text.dcd_edpt_close_all
                0x10005520        0x4 CMakeFiles/firmware.dir/C_/Users/aleja/.pico-sdk/sdk/2.1.1/lib/tinyusb/src/portable/raspberrypi/rp2040/dcd_rp2040.c.obj
                0x10005520                dcd_edpt_close_all
 .text.dcd_edpt_xfer
                0x10005524       0x28 CMakeFiles/firmware.dir/C_/Users/aleja/.pico-sdk/sdk/2.1.1/lib/tinyusb/src/portable/raspberrypi/rp2040/dcd_rp2040.c.obj
                0x10005524                dcd_edpt_xfer
 .text.dcd_edpt_stall
                0x1000554c       0x30 CMakeFiles/firmware.dir/C_/Users/aleja/.pico-sdk/sdk/2.1.1/lib/tinyusb/src/portable/raspberrypi/rp2040/dcd_rp2040.c.obj
                0x1000554c                dcd_edpt_stall
 .text.dcd_edpt_clear_stall
                0x1000557c       0x24 CMakeFiles/firmware.dir/C_/Users/aleja/.pico-sdk/sdk/2.1.1/lib/tinyusb/src/portable/raspberrypi/rp2040/dcd_rp2040.c.obj
                0x1000557c                dcd_edpt_clear_stall
 .text.rp2040_usb_init
                0x100055a0       0x40 CMakeFiles/firmware.dir/C_/Users/aleja/.pico-sdk/sdk/2.1.1/lib/tinyusb/src/portable/raspberrypi/rp2040/rp2040_usb.c.obj
                0x100055a0                rp2040_usb_init
 .text.hw_endpoint_xfer_start
                0x100055e0       0x40 CMakeFiles/firmware.dir/C_/Users/aleja/.pico-sdk/sdk/2.1.1/lib/tinyusb/src/portable/raspberrypi/rp2040/rp2040_usb.c.obj
                0x100055e0                hw_endpoint_xfer_start
 .text.configuration_reset
                0x10005620       0x8c CMakeFiles/firmware.dir/C_/Users/aleja/.pico-sdk/sdk/2.1.1/lib/tinyusb/src/device/usbd.c.obj
 .text.tud_event_hook_cb
                0x100056ac        0x4 CMakeFiles/firmware.dir/C_/Users/aleja/.pico-sdk/sdk/2.1.1/lib/tinyusb/src/device/usbd.c.obj
                0x100056ac                tud_event_hook_cb
 .text.tud_sof_cb
                0x100056b0        0x4 CMakeFiles/firmware.dir/C_/Users/aleja/.pico-sdk/sdk/2.1.1/lib/tinyusb/src/device/usbd.c.obj
                0x100056b0                tud_sof_cb
 .text.tud_descriptor_device_qualifier_cb
                0x100056b4        0x4 CMakeFiles/firmware.dir/C_/Users/aleja/.pico-sdk/sdk/2.1.1/lib/tinyusb/src/device/usbd.c.obj
                0x100056b4                tud_descriptor_device_qualifier_cb
 .text.tud_descriptor_other_speed_configuration_cb
                0x100056b8        0x4 CMakeFiles/firmware.dir/C_/Users/aleja/.pico-sdk/sdk/2.1.1/lib/tinyusb/src/device/usbd.c.obj
                0x100056b8                tud_descriptor_other_speed_configuration_cb
 .text.tud_mount_cb
                0x100056bc        0x4 CMakeFiles/firmware.dir/C_/Users/aleja/.pico-sdk/sdk/2.1.1/lib/tinyusb/src/device/usbd.c.obj
                0x100056bc                tud_mount_cb
 .text.tud_umount_cb
                0x100056c0        0x4 CMakeFiles/firmware.dir/C_/Users/aleja/.pico-sdk/sdk/2.1.1/lib/tinyusb/src/device/usbd.c.obj
                0x100056c0                tud_umount_cb
 .text.tud_suspend_cb
                0x100056c4        0x4 CMakeFiles/firmware.dir/C_/Users/aleja/.pico-sdk/sdk/2.1.1/lib/tinyusb/src/device/usbd.c.obj
                0x100056c4                tud_suspend_cb
 .text.tud_resume_cb
                0x100056c8        0x4 CMakeFiles/firmware.dir/C_/Users/aleja/.pico-sdk/sdk/2.1.1/lib/tinyusb/src/device/usbd.c.obj
                0x100056c8                tud_resume_cb
 .text.tud_mounted
                0x100056cc       0x10 CMakeFiles/firmware.dir/C_/Users/aleja/.pico-sdk/sdk/2.1.1/lib/tinyusb/src/device/usbd.c.obj
                0x100056cc                tud_mounted
 .text.tud_suspended
                0x100056dc       0x10 CMakeFiles/firmware.dir/C_/Users/aleja/.pico-sdk/sdk/2.1.1/lib/tinyusb/src/device/usbd.c.obj
                0x100056dc                tud_suspended
 .text.tud_rhport_init
                0x100056ec       0xf4 CMakeFiles/firmware.dir/C_/Users/aleja/.pico-sdk/sdk/2.1.1/lib/tinyusb/src/device/usbd.c.obj
                0x100056ec                tud_rhport_init
 .text.tud_task_ext
                0x100057e0      0x784 CMakeFiles/firmware.dir/C_/Users/aleja/.pico-sdk/sdk/2.1.1/lib/tinyusb/src/device/usbd.c.obj
                0x100057e0                tud_task_ext
 .text.usbd_open_edpt_pair
                0x10005f64       0x9c CMakeFiles/firmware.dir/C_/Users/aleja/.pico-sdk/sdk/2.1.1/lib/tinyusb/src/device/usbd.c.obj
                0x10005f64                usbd_open_edpt_pair
 .text.usbd_edpt_open
                0x10006000       0x44 CMakeFiles/firmware.dir/C_/Users/aleja/.pico-sdk/sdk/2.1.1/lib/tinyusb/src/device/usbd.c.obj
                0x10006000                usbd_edpt_open
 .text.usbd_edpt_claim
                0x10006044       0x24 CMakeFiles/firmware.dir/C_/Users/aleja/.pico-sdk/sdk/2.1.1/lib/tinyusb/src/device/usbd.c.obj
                0x10006044                usbd_edpt_claim
 .text.usbd_edpt_release
                0x10006068       0x24 CMakeFiles/firmware.dir/C_/Users/aleja/.pico-sdk/sdk/2.1.1/lib/tinyusb/src/device/usbd.c.obj
                0x10006068                usbd_edpt_release
 .text.usbd_edpt_xfer
                0x1000608c       0x70 CMakeFiles/firmware.dir/C_/Users/aleja/.pico-sdk/sdk/2.1.1/lib/tinyusb/src/device/usbd.c.obj
                0x1000608c                usbd_edpt_xfer
 .text.tud_control_status
                0x100060fc       0x34 CMakeFiles/firmware.dir/C_/Users/aleja/.pico-sdk/sdk/2.1.1/lib/tinyusb/src/device/usbd_control.c.obj
                0x100060fc                tud_control_status
 .text.tud_control_xfer
                0x10006130       0xb0 CMakeFiles/firmware.dir/C_/Users/aleja/.pico-sdk/sdk/2.1.1/lib/tinyusb/src/device/usbd_control.c.obj
                0x10006130                tud_control_xfer
 .text.usbd_control_reset
                0x100061e0       0x14 CMakeFiles/firmware.dir/C_/Users/aleja/.pico-sdk/sdk/2.1.1/lib/tinyusb/src/device/usbd_control.c.obj
                0x100061e0                usbd_control_reset
 .text.usbd_control_set_complete_callback
                0x100061f4        0xc CMakeFiles/firmware.dir/C_/Users/aleja/.pico-sdk/sdk/2.1.1/lib/tinyusb/src/device/usbd_control.c.obj
                0x100061f4                usbd_control_set_complete_callback
 .text.usbd_control_set_request
                0x10006200       0x1c CMakeFiles/firmware.dir/C_/Users/aleja/.pico-sdk/sdk/2.1.1/lib/tinyusb/src/device/usbd_control.c.obj
                0x10006200                usbd_control_set_request
 .text.usbd_control_xfer_cb
                0x1000621c      0x100 CMakeFiles/firmware.dir/C_/Users/aleja/.pico-sdk/sdk/2.1.1/lib/tinyusb/src/device/usbd_control.c.obj
                0x1000621c                usbd_control_xfer_cb
 .text._prep_out_transaction.isra.0
                0x1000631c       0x74 CMakeFiles/firmware.dir/C_/Users/aleja/.pico-sdk/sdk/2.1.1/lib/tinyusb/src/class/cdc/cdc_device.c.obj
 .text.tud_cdc_n_connected
                0x10006390       0x2c CMakeFiles/firmware.dir/C_/Users/aleja/.pico-sdk/sdk/2.1.1/lib/tinyusb/src/class/cdc/cdc_device.c.obj
                0x10006390                tud_cdc_n_connected
 .text.tud_cdc_n_available
                0x100063bc       0x14 CMakeFiles/firmware.dir/C_/Users/aleja/.pico-sdk/sdk/2.1.1/lib/tinyusb/src/class/cdc/cdc_device.c.obj
                0x100063bc                tud_cdc_n_available
 .text.tud_cdc_n_read
                0x100063d0       0x90 CMakeFiles/firmware.dir/C_/Users/aleja/.pico-sdk/sdk/2.1.1/lib/tinyusb/src/class/cdc/cdc_device.c.obj
                0x100063d0                tud_cdc_n_read
 .text.tud_cdc_n_write_flush
                0x10006460       0x8c CMakeFiles/firmware.dir/C_/Users/aleja/.pico-sdk/sdk/2.1.1/lib/tinyusb/src/class/cdc/cdc_device.c.obj
                0x10006460                tud_cdc_n_write_flush
 .text.tud_cdc_n_write
                0x100064ec       0x40 CMakeFiles/firmware.dir/C_/Users/aleja/.pico-sdk/sdk/2.1.1/lib/tinyusb/src/class/cdc/cdc_device.c.obj
                0x100064ec                tud_cdc_n_write
 .text.tud_cdc_n_write_available
                0x1000652c       0x14 CMakeFiles/firmware.dir/C_/Users/aleja/.pico-sdk/sdk/2.1.1/lib/tinyusb/src/class/cdc/cdc_device.c.obj
                0x1000652c                tud_cdc_n_write_available
 .text.cdcd_init
                0x10006540       0x70 CMakeFiles/firmware.dir/C_/Users/aleja/.pico-sdk/sdk/2.1.1/lib/tinyusb/src/class/cdc/cdc_device.c.obj
                0x10006540                cdcd_init
 .text.cdcd_deinit
                0x100065b0       0x30 CMakeFiles/firmware.dir/C_/Users/aleja/.pico-sdk/sdk/2.1.1/lib/tinyusb/src/class/cdc/cdc_device.c.obj
                0x100065b0                cdcd_deinit
 .text.cdcd_reset
                0x100065e0       0x4c CMakeFiles/firmware.dir/C_/Users/aleja/.pico-sdk/sdk/2.1.1/lib/tinyusb/src/class/cdc/cdc_device.c.obj
                0x100065e0                cdcd_reset
 .text.cdcd_open
                0x1000662c       0xc0 CMakeFiles/firmware.dir/C_/Users/aleja/.pico-sdk/sdk/2.1.1/lib/tinyusb/src/class/cdc/cdc_device.c.obj
                0x1000662c                cdcd_open
 .text.cdcd_control_xfer_cb
                0x100066ec       0xc0 CMakeFiles/firmware.dir/C_/Users/aleja/.pico-sdk/sdk/2.1.1/lib/tinyusb/src/class/cdc/cdc_device.c.obj
                0x100066ec                cdcd_control_xfer_cb
 .text.cdcd_xfer_cb
                0x100067ac       0xf8 CMakeFiles/firmware.dir/C_/Users/aleja/.pico-sdk/sdk/2.1.1/lib/tinyusb/src/class/cdc/cdc_device.c.obj
                0x100067ac                cdcd_xfer_cb
 .text.vendord_init
                0x100068a4       0x5c CMakeFiles/firmware.dir/C_/Users/aleja/.pico-sdk/sdk/2.1.1/lib/tinyusb/src/class/vendor/vendor_device.c.obj
                0x100068a4                vendord_init
 .text.vendord_deinit
                0x10006900       0x1c CMakeFiles/firmware.dir/C_/Users/aleja/.pico-sdk/sdk/2.1.1/lib/tinyusb/src/class/vendor/vendor_device.c.obj
                0x10006900                vendord_deinit
 .text.vendord_reset
                0x1000691c       0x24 CMakeFiles/firmware.dir/C_/Users/aleja/.pico-sdk/sdk/2.1.1/lib/tinyusb/src/class/vendor/vendor_device.c.obj
                0x1000691c                vendord_reset
 .text.vendord_open
                0x10006940       0xf4 CMakeFiles/firmware.dir/C_/Users/aleja/.pico-sdk/sdk/2.1.1/lib/tinyusb/src/class/vendor/vendor_device.c.obj
                0x10006940                vendord_open
 .text.vendord_xfer_cb
                0x10006a34       0x88 CMakeFiles/firmware.dir/C_/Users/aleja/.pico-sdk/sdk/2.1.1/lib/tinyusb/src/class/vendor/vendor_device.c.obj
                0x10006a34                vendord_xfer_cb
 .text.tusb_rhport_init
                0x10006abc       0x64 CMakeFiles/firmware.dir/C_/Users/aleja/.pico-sdk/sdk/2.1.1/lib/tinyusb/src/tusb.c.obj
                0x10006abc                tusb_rhport_init
 .text.tu_edpt_claim
                0x10006b20       0x54 CMakeFiles/firmware.dir/C_/Users/aleja/.pico-sdk/sdk/2.1.1/lib/tinyusb/src/tusb.c.obj
                0x10006b20                tu_edpt_claim
 .text.tu_edpt_release
                0x10006b74       0x38 CMakeFiles/firmware.dir/C_/Users/aleja/.pico-sdk/sdk/2.1.1/lib/tinyusb/src/tusb.c.obj
                0x10006b74                tu_edpt_release
 .text.tu_edpt_validate
                0x10006bac       0x60 CMakeFiles/firmware.dir/C_/Users/aleja/.pico-sdk/sdk/2.1.1/lib/tinyusb/src/tusb.c.obj
                0x10006bac                tu_edpt_validate
 .text.tu_edpt_bind_driver
                0x10006c0c       0x58 CMakeFiles/firmware.dir/C_/Users/aleja/.pico-sdk/sdk/2.1.1/lib/tinyusb/src/tusb.c.obj
                0x10006c0c                tu_edpt_bind_driver
 .text.tu_edpt_stream_init
                0x10006c64       0x58 CMakeFiles/firmware.dir/C_/Users/aleja/.pico-sdk/sdk/2.1.1/lib/tinyusb/src/tusb.c.obj
                0x10006c64                tu_edpt_stream_init
 .text.tu_edpt_stream_deinit
                0x10006cbc        0x4 CMakeFiles/firmware.dir/C_/Users/aleja/.pico-sdk/sdk/2.1.1/lib/tinyusb/src/tusb.c.obj
                0x10006cbc                tu_edpt_stream_deinit
 .text.tu_edpt_stream_write_zlp_if_needed
                0x10006cc0       0x68 CMakeFiles/firmware.dir/C_/Users/aleja/.pico-sdk/sdk/2.1.1/lib/tinyusb/src/tusb.c.obj
                0x10006cc0                tu_edpt_stream_write_zlp_if_needed
 .text.tu_edpt_stream_write_xfer
                0x10006d28       0x70 CMakeFiles/firmware.dir/C_/Users/aleja/.pico-sdk/sdk/2.1.1/lib/tinyusb/src/tusb.c.obj
                0x10006d28                tu_edpt_stream_write_xfer
 .text.tu_edpt_stream_read_xfer
                0x10006d98       0xc8 CMakeFiles/firmware.dir/C_/Users/aleja/.pico-sdk/sdk/2.1.1/lib/tinyusb/src/tusb.c.obj
                0x10006d98                tu_edpt_stream_read_xfer
 .text.tu_fifo_config
                0x10006e60       0x60 CMakeFiles/firmware.dir/C_/Users/aleja/.pico-sdk/sdk/2.1.1/lib/tinyusb/src/common/tusb_fifo.c.obj
                0x10006e60                tu_fifo_config
 .text.tu_fifo_count
                0x10006ec0       0x20 CMakeFiles/firmware.dir/C_/Users/aleja/.pico-sdk/sdk/2.1.1/lib/tinyusb/src/common/tusb_fifo.c.obj
                0x10006ec0                tu_fifo_count
 .text.tu_fifo_empty
                0x10006ee0       0x14 CMakeFiles/firmware.dir/C_/Users/aleja/.pico-sdk/sdk/2.1.1/lib/tinyusb/src/common/tusb_fifo.c.obj
                0x10006ee0                tu_fifo_empty
 .text.tu_fifo_remaining
                0x10006ef4       0x24 CMakeFiles/firmware.dir/C_/Users/aleja/.pico-sdk/sdk/2.1.1/lib/tinyusb/src/common/tusb_fifo.c.obj
                0x10006ef4                tu_fifo_remaining
 .text.tu_fifo_read
                0x10006f18       0x94 CMakeFiles/firmware.dir/C_/Users/aleja/.pico-sdk/sdk/2.1.1/lib/tinyusb/src/common/tusb_fifo.c.obj
                0x10006f18                tu_fifo_read
 .text.tu_fifo_read_n
                0x10006fac       0xd8 CMakeFiles/firmware.dir/C_/Users/aleja/.pico-sdk/sdk/2.1.1/lib/tinyusb/src/common/tusb_fifo.c.obj
                0x10006fac                tu_fifo_read_n
 .text.tu_fifo_write
                0x10007084       0xa4 CMakeFiles/firmware.dir/C_/Users/aleja/.pico-sdk/sdk/2.1.1/lib/tinyusb/src/common/tusb_fifo.c.obj
                0x10007084                tu_fifo_write
 .text.tu_fifo_write_n
                0x10007128      0x15c CMakeFiles/firmware.dir/C_/Users/aleja/.pico-sdk/sdk/2.1.1/lib/tinyusb/src/common/tusb_fifo.c.obj
                0x10007128                tu_fifo_write_n
 .text.tu_fifo_clear
                0x10007284       0x38 CMakeFiles/firmware.dir/C_/Users/aleja/.pico-sdk/sdk/2.1.1/lib/tinyusb/src/common/tusb_fifo.c.obj
                0x10007284                tu_fifo_clear
 .text.tu_fifo_set_overwritable
                0x100072bc       0x3c CMakeFiles/firmware.dir/C_/Users/aleja/.pico-sdk/sdk/2.1.1/lib/tinyusb/src/common/tusb_fifo.c.obj
                0x100072bc                tu_fifo_set_overwritable
 .text.i2c_write_blocking_internal
                0x100072f8      0x164 CMakeFiles/firmware.dir/C_/Users/aleja/.pico-sdk/sdk/2.1.1/src/rp2_common/hardware_i2c/i2c.c.obj
 .text.i2c_read_blocking_internal
                0x1000745c       0xdc CMakeFiles/firmware.dir/C_/Users/aleja/.pico-sdk/sdk/2.1.1/src/rp2_common/hardware_i2c/i2c.c.obj
 .text.i2c_read_blocking_internal.constprop.0
                0x10007538       0x70 CMakeFiles/firmware.dir/C_/Users/aleja/.pico-sdk/sdk/2.1.1/src/rp2_common/hardware_i2c/i2c.c.obj
 .text.i2c_write_blocking_internal.constprop.0
                0x100075a8       0x9c CMakeFiles/firmware.dir/C_/Users/aleja/.pico-sdk/sdk/2.1.1/src/rp2_common/hardware_i2c/i2c.c.obj
 .text.i2c_set_baudrate
                0x10007644       0xa4 CMakeFiles/firmware.dir/C_/Users/aleja/.pico-sdk/sdk/2.1.1/src/rp2_common/hardware_i2c/i2c.c.obj
                0x10007644                i2c_set_baudrate
 .text.i2c_init
                0x100076e8       0x4c CMakeFiles/firmware.dir/C_/Users/aleja/.pico-sdk/sdk/2.1.1/src/rp2_common/hardware_i2c/i2c.c.obj
                0x100076e8                i2c_init
 .text.i2c_write_blocking
                0x10007734       0x10 CMakeFiles/firmware.dir/C_/Users/aleja/.pico-sdk/sdk/2.1.1/src/rp2_common/hardware_i2c/i2c.c.obj
                0x10007734                i2c_write_blocking
 .text.i2c_write_blocking_until
                0x10007744       0x3c CMakeFiles/firmware.dir/C_/Users/aleja/.pico-sdk/sdk/2.1.1/src/rp2_common/hardware_i2c/i2c.c.obj
                0x10007744                i2c_write_blocking_until
 .text.i2c_read_blocking
                0x10007780       0x10 CMakeFiles/firmware.dir/C_/Users/aleja/.pico-sdk/sdk/2.1.1/src/rp2_common/hardware_i2c/i2c.c.obj
                0x10007780                i2c_read_blocking
 .text.i2c_read_blocking_until
                0x10007790       0x3c CMakeFiles/firmware.dir/C_/Users/aleja/.pico-sdk/sdk/2.1.1/src/rp2_common/hardware_i2c/i2c.c.obj
                0x10007790                i2c_read_blocking_until
 .text.adc_init
                0x100077cc       0x30 CMakeFiles/firmware.dir/C_/Users/aleja/.pico-sdk/sdk/2.1.1/src/rp2_common/hardware_adc/adc.c.obj
                0x100077cc                adc_init
 .text.exception_set_exclusive_handler
                0x100077fc       0x4c CMakeFiles/firmware.dir/C_/Users/aleja/.pico-sdk/sdk/2.1.1/src/rp2_common/hardware_exception/exception.c.obj
                0x100077fc                exception_set_exclusive_handler
 .text.lcd_send_byte
                0x10007848      0x100 lcd/liblcd.a(lcd.c.obj)
 .text.lcd_clear
                0x10007948        0x8 lcd/liblcd.a(lcd.c.obj)
                0x10007948                lcd_clear
 .text.lcd_set_cursor
                0x10007950       0x30 lcd/liblcd.a(lcd.c.obj)
                0x10007950                lcd_set_cursor
 .text.lcd_string
                0x10007980      0x108 lcd/liblcd.a(lcd.c.obj)
                0x10007980                lcd_string
 .text.lcd_show_cursor
                0x10007a88       0x14 lcd/liblcd.a(lcd.c.obj)
                0x10007a88                lcd_show_cursor
 .text.lcd_init
                0x10007a9c       0x64 lcd/liblcd.a(lcd.c.obj)
                0x10007a9c                lcd_init
 .text.prvCopyDataToQueue
                0x10007b00       0x78 freertos/libfreertos.a(queue.c.obj)
 .text.xQueueGenericCreate
                0x10007b78       0x78 freertos/libfreertos.a(queue.c.obj)
                0x10007b78                xQueueGenericCreate
 .text.xQueueGenericSend
                0x10007bf0      0x280 freertos/libfreertos.a(queue.c.obj)
                0x10007bf0                xQueueGenericSend
 .text.xQueueCreateMutex
                0x10007e70       0x68 freertos/libfreertos.a(queue.c.obj)
                0x10007e70                xQueueCreateMutex
 .text.xQueueGiveFromISR
                0x10007ed8       0x6c freertos/libfreertos.a(queue.c.obj)
                0x10007ed8                xQueueGiveFromISR
 .text.xQueueReceive
                0x10007f44      0x288 freertos/libfreertos.a(queue.c.obj)
                0x10007f44                xQueueReceive
 .text.xQueueSemaphoreTake
                0x100081cc      0x2c0 freertos/libfreertos.a(queue.c.obj)
                0x100081cc                xQueueSemaphoreTake
 .text.vQueueAddToRegistry
                0x1000848c      0x180 freertos/libfreertos.a(queue.c.obj)
                0x1000848c                vQueueAddToRegistry
 .text.vQueueWaitForMessageRestricted
                0x1000860c       0xc8 freertos/libfreertos.a(queue.c.obj)
                0x1000860c                vQueueWaitForMessageRestricted
 .text.prvAddNewTaskToReadyList
                0x100086d4      0x118 freertos/libfreertos.a(tasks.c.obj)
 .text.prvIdleTask
                0x100087ec       0x5c freertos/libfreertos.a(tasks.c.obj)
 .text.xTaskIncrementTick.part.0
                0x10008848      0x15c freertos/libfreertos.a(tasks.c.obj)
 .text.xTaskCreate
                0x100089a4      0x104 freertos/libfreertos.a(tasks.c.obj)
                0x100089a4                xTaskCreate
 .text.vTaskDelete
                0x10008aa8       0xbc freertos/libfreertos.a(tasks.c.obj)
                0x10008aa8                vTaskDelete
 .text.vTaskStartScheduler
                0x10008b64       0xc0 freertos/libfreertos.a(tasks.c.obj)
                0x10008b64                vTaskStartScheduler
 .text.vTaskSuspendAll
                0x10008c24       0x10 freertos/libfreertos.a(tasks.c.obj)
                0x10008c24                vTaskSuspendAll
 .text.xTaskResumeAll
                0x10008c34      0x180 freertos/libfreertos.a(tasks.c.obj)
                0x10008c34                xTaskResumeAll
 .text.vTaskDelay
                0x10008db4       0x84 freertos/libfreertos.a(tasks.c.obj)
                0x10008db4                vTaskDelay
 .text.xTaskGetTickCount
                0x10008e38        0xc freertos/libfreertos.a(tasks.c.obj)
                0x10008e38                xTaskGetTickCount
 .text.uxTaskGetNumberOfTasks
                0x10008e44        0xc freertos/libfreertos.a(tasks.c.obj)
                0x10008e44                uxTaskGetNumberOfTasks
 .text.xTaskIncrementTick
                0x10008e50       0x20 freertos/libfreertos.a(tasks.c.obj)
                0x10008e50                xTaskIncrementTick
 .text.vTaskSwitchContext
                0x10008e70       0xa4 freertos/libfreertos.a(tasks.c.obj)
                0x10008e70                vTaskSwitchContext
 .text.vTaskPlaceOnEventList
                0x10008f14       0x98 freertos/libfreertos.a(tasks.c.obj)
                0x10008f14                vTaskPlaceOnEventList
 .text.vTaskPlaceOnEventListRestricted
                0x10008fac       0xcc freertos/libfreertos.a(tasks.c.obj)
                0x10008fac                vTaskPlaceOnEventListRestricted
 .text.xTaskRemoveFromEventList
                0x10009078       0xd0 freertos/libfreertos.a(tasks.c.obj)
                0x10009078                xTaskRemoveFromEventList
 .text.vTaskInternalSetTimeOutState
                0x10009148       0x18 freertos/libfreertos.a(tasks.c.obj)
                0x10009148                vTaskInternalSetTimeOutState
 .text.xTaskCheckForTimeOut
                0x10009160       0x60 freertos/libfreertos.a(tasks.c.obj)
                0x10009160                xTaskCheckForTimeOut
 .text.vTaskMissedYield
                0x100091c0        0xc freertos/libfreertos.a(tasks.c.obj)
                0x100091c0                vTaskMissedYield
 .text.xTaskPriorityInherit
                0x100091cc       0x90 freertos/libfreertos.a(tasks.c.obj)
                0x100091cc                xTaskPriorityInherit
 .text.xTaskPriorityDisinherit
                0x1000925c       0x6c freertos/libfreertos.a(tasks.c.obj)
                0x1000925c                xTaskPriorityDisinherit
 .text.vTaskPriorityDisinheritAfterTimeout
                0x100092c8       0x78 freertos/libfreertos.a(tasks.c.obj)
                0x100092c8                vTaskPriorityDisinheritAfterTimeout
 .text.pvTaskIncrementMutexHeldCount
                0x10009340       0x14 freertos/libfreertos.a(tasks.c.obj)
                0x10009340                pvTaskIncrementMutexHeldCount
 .text.prvTimerTask
                0x10009354      0x350 freertos/libfreertos.a(timers.c.obj)
 .text.xTimerCreateTimerTask
                0x100096a4       0x84 freertos/libfreertos.a(timers.c.obj)
                0x100096a4                xTimerCreateTimerTask
 .text.pvPortMalloc
                0x10009728       0x18 freertos/libfreertos.a(heap_3.c.obj)
                0x10009728                pvPortMalloc
 .text.vPortFree
                0x10009740       0x1c freertos/libfreertos.a(heap_3.c.obj)
                0x10009740                vPortFree
 .text.prvTaskExitError
                0x1000975c       0x18 freertos/libfreertos.a(port.c.obj)
 .text.isr_systick
                0x10009774       0x24 freertos/libfreertos.a(port.c.obj)
                0x10009774                isr_systick
 .text.vPortSetupTimerInterrupt
                0x10009798       0x2c freertos/libfreertos.a(port.c.obj)
                0x10009798                vPortSetupTimerInterrupt
 .text.vPortYield
                0x100097c4       0x18 freertos/libfreertos.a(port.c.obj)
                0x100097c4                vPortYield
 .text.vPortEnterCritical
                0x100097dc       0x1c freertos/libfreertos.a(port.c.obj)
                0x100097dc                vPortEnterCritical
 .text.vPortExitCritical
                0x100097f8       0x18 freertos/libfreertos.a(port.c.obj)
                0x100097f8                vPortExitCritical
 .text.vPortSVCHandler_C
                0x10009810       0x2c freertos/libfreertos.a(port.c.obj)
                0x10009810                vPortSVCHandler_C
 .text.pxPortInitialiseStack
                0x1000983c       0x78 freertos/libfreertos.a(port.c.obj)
                0x1000983c                pxPortInitialiseStack
 .text.xPortStartScheduler
                0x100098b4       0xdc freertos/libfreertos.a(port.c.obj)
                0x100098b4                xPortStartScheduler
 .text.vPortValidateInterruptPriority
                0x10009990       0x14 freertos/libfreertos.a(port.c.obj)
                0x10009990                vPortValidateInterruptPriority
 .text.startup.prvRuntimeInitializer
                0x100099a4       0x24 freertos/libfreertos.a(port.c.obj)
 .text.vRestoreContextOfFirstTask
                0x100099c8       0x2c freertos/libfreertos.a(portasm.c.obj)
                0x100099c8                vRestoreContextOfFirstTask
 .text.vStartFirstTask
                0x100099f4       0x10 freertos/libfreertos.a(portasm.c.obj)
                0x100099f4                vStartFirstTask
 .text.ulSetInterruptMask
                0x10009a04       0x18 freertos/libfreertos.a(portasm.c.obj)
                0x10009a04                ulSetInterruptMask
 .text.vClearInterruptMask
                0x10009a1c       0x10 freertos/libfreertos.a(portasm.c.obj)
                0x10009a1c                vClearInterruptMask
 .text.isr_pendsv
                0x10009a2c       0x80 freertos/libfreertos.a(portasm.c.obj)
                0x10009a2c                isr_pendsv
 .text.isr_svcall
                0x10009aac       0x18 freertos/libfreertos.a(portasm.c.obj)
                0x10009aac                isr_svcall
 .text.xEventGroupCreate
                0x10009ac4       0x1c freertos/libfreertos.a(event_groups.c.obj)
                0x10009ac4                xEventGroupCreate
 .text.vListInitialise
                0x10009ae0       0x18 freertos/libfreertos.a(list.c.obj)
                0x10009ae0                vListInitialise
 .text.vListInitialiseItem
                0x10009af8        0x8 freertos/libfreertos.a(list.c.obj)
                0x10009af8                vListInitialiseItem
 .text.vListInsertEnd
                0x10009b00       0x1c freertos/libfreertos.a(list.c.obj)
                0x10009b00                vListInsertEnd
 .text.vListInsert
                0x10009b1c       0x30 freertos/libfreertos.a(list.c.obj)
                0x10009b1c                vListInsert
 .text.uxListRemove
                0x10009b4c       0x28 freertos/libfreertos.a(list.c.obj)
                0x10009b4c                uxListRemove
 .text.eeprom_write_data
                0x10009b74       0x34 eeprom/libeeprom.a(eeprom.c.obj)
                0x10009b74                eeprom_write_data
 .text.eeprom_read_data
                0x10009ba8       0x34 eeprom/libeeprom.a(eeprom.c.obj)
                0x10009ba8                eeprom_read_data
 .text.ds3231_set_datetime
                0x10009bdc      0x1b4 ds3231/libds3231.a(ds3231.c.obj)
                0x10009bdc                ds3231_set_datetime
 .text.ds3231_get_datetime
                0x10009d90       0xc8 ds3231/libds3231.a(ds3231.c.obj)
                0x10009d90                ds3231_get_datetime
 .text.mcp4725_begin
                0x10009e58       0xc4 mcp4725/libmcp4725.a(mcp4725.c.obj)
                0x10009e58                mcp4725_begin
 .text.mcp4725_set_reference_voltage
                0x10009f1c       0x30 mcp4725/libmcp4725.a(mcp4725.c.obj)
                0x10009f1c                mcp4725_set_reference_voltage
 .text.mcp4725_set_voltage
                0x10009f4c      0x118 mcp4725/libmcp4725.a(mcp4725.c.obj)
                0x10009f4c                mcp4725_set_voltage
 .text.malloc   0x1000a064       0x10 C:/Users/aleja/.pico-sdk/toolchain/14_2_Rel1/bin/../lib/gcc/arm-none-eabi/14.2.1/thumb/v8-m.main+fp/softfp\libg.a(libc_a-malloc.o)
                0x1000a064                malloc
 .text.free     0x1000a074       0x10 C:/Users/aleja/.pico-sdk/toolchain/14_2_Rel1/bin/../lib/gcc/arm-none-eabi/14.2.1/thumb/v8-m.main+fp/softfp\libg.a(libc_a-malloc.o)
                0x1000a074                free
 .text._malloc_r
                0x1000a084      0x578 C:/Users/aleja/.pico-sdk/toolchain/14_2_Rel1/bin/../lib/gcc/arm-none-eabi/14.2.1/thumb/v8-m.main+fp/softfp\libg.a(libc_a-mallocr.o)
                0x1000a084                _malloc_r
 .text.__malloc_lock
                0x1000a5fc        0xc C:/Users/aleja/.pico-sdk/toolchain/14_2_Rel1/bin/../lib/gcc/arm-none-eabi/14.2.1/thumb/v8-m.main+fp/softfp\libg.a(libc_a-mlock.o)
                0x1000a5fc                __malloc_lock
 .text.__malloc_unlock
                0x1000a608        0xc C:/Users/aleja/.pico-sdk/toolchain/14_2_Rel1/bin/../lib/gcc/arm-none-eabi/14.2.1/thumb/v8-m.main+fp/softfp\libg.a(libc_a-mlock.o)
                0x1000a608                __malloc_unlock
 .text.memset   0x1000a614       0x9c C:/Users/aleja/.pico-sdk/toolchain/14_2_Rel1/bin/../lib/gcc/arm-none-eabi/14.2.1/thumb/v8-m.main+fp/softfp\libg.a(libc_a-memset.o)
                0x1000a614                memset
 .text.strncmp  0x1000a6b0       0x74 C:/Users/aleja/.pico-sdk/toolchain/14_2_Rel1/bin/../lib/gcc/arm-none-eabi/14.2.1/thumb/v8-m.main+fp/softfp\libg.a(libc_a-strncmp.o)
                0x1000a6b0                strncmp
 .text.strncpy  0x1000a724       0x64 C:/Users/aleja/.pico-sdk/toolchain/14_2_Rel1/bin/../lib/gcc/arm-none-eabi/14.2.1/thumb/v8-m.main+fp/softfp\libg.a(libc_a-strncpy.o)
                0x1000a724                strncpy
 .text._sbrk_r  0x1000a788       0x24 C:/Users/aleja/.pico-sdk/toolchain/14_2_Rel1/bin/../lib/gcc/arm-none-eabi/14.2.1/thumb/v8-m.main+fp/softfp\libg.a(libc_a-sbrkr.o)
                0x1000a788                _sbrk_r
 .text.__errno  0x1000a7ac        0xc C:/Users/aleja/.pico-sdk/toolchain/14_2_Rel1/bin/../lib/gcc/arm-none-eabi/14.2.1/thumb/v8-m.main+fp/softfp\libg.a(libc_a-errno.o)
                0x1000a7ac                __errno
 .text.__retarget_lock_acquire_recursive
                0x1000a7b8        0x4 C:/Users/aleja/.pico-sdk/toolchain/14_2_Rel1/bin/../lib/gcc/arm-none-eabi/14.2.1/thumb/v8-m.main+fp/softfp\libg.a(libc_a-lock.o)
                0x1000a7b8                __retarget_lock_acquire_recursive
 .text.__retarget_lock_release_recursive
                0x1000a7bc        0x4 C:/Users/aleja/.pico-sdk/toolchain/14_2_Rel1/bin/../lib/gcc/arm-none-eabi/14.2.1/thumb/v8-m.main+fp/softfp\libg.a(libc_a-lock.o)
                0x1000a7bc                __retarget_lock_release_recursive
 .text.sysconf  0x1000a7c0       0x1c C:/Users/aleja/.pico-sdk/toolchain/14_2_Rel1/bin/../lib/gcc/arm-none-eabi/14.2.1/thumb/v8-m.main+fp/softfp\libg.a(libc_a-sysconf.o)
                0x1000a7c0                sysconf
 .text          0x1000a7dc       0xec C:/Users/aleja/.pico-sdk/toolchain/14_2_Rel1/bin/../lib/gcc/arm-none-eabi/14.2.1/thumb/v8-m.main+fp/softfp\libg.a(libc_a-memcpy.o)
                0x1000a7dc                memcpy
 .text.strlen   0x1000a8c8       0x5c C:/Users/aleja/.pico-sdk/toolchain/14_2_Rel1/bin/../lib/gcc/arm-none-eabi/14.2.1/thumb/v8-m.main+fp/softfp\libg.a(libc_a-strlen-stub.o)
                0x1000a8c8                strlen
 .text._malloc_trim_r
                0x1000a924       0xb8 C:/Users/aleja/.pico-sdk/toolchain/14_2_Rel1/bin/../lib/gcc/arm-none-eabi/14.2.1/thumb/v8-m.main+fp/softfp\libg.a(libc_a-freer.o)
                0x1000a924                _malloc_trim_r
 .text._free_r  0x1000a9dc      0x1e8 C:/Users/aleja/.pico-sdk/toolchain/14_2_Rel1/bin/../lib/gcc/arm-none-eabi/14.2.1/thumb/v8-m.main+fp/softfp\libg.a(libc_a-freer.o)
                0x1000a9dc                _free_r
 *(.fini)
 .fini          0x1000abc4        0x4 C:/Users/aleja/.pico-sdk/toolchain/14_2_Rel1/bin/../lib/gcc/arm-none-eabi/14.2.1/thumb/v8-m.main+fp/softfp/crti.o
                0x1000abc4                _fini
 .fini.__stub   0x1000abc8       0x58 linker stubs
 *crtbegin.o(.ctors)
 *crtbegin?.o(.ctors)
 *(EXCLUDE_FILE(*crtend.o *crtend?.o) .ctors)
 *(SORT_BY_NAME(.ctors.*))
 *(.ctors)
 *crtbegin.o(.dtors)
 *crtbegin?.o(.dtors)
 *(EXCLUDE_FILE(*crtend.o *crtend?.o) .dtors)
 *(SORT_BY_NAME(.dtors.*))
 *(.dtors)
                0x1000ac20                        . = ALIGN (0x4)
                0x1000ac20                        PROVIDE (__preinit_array_start = .)
 *(SORT_BY_NAME(.preinit_array.*))
 .preinit_array.00050
                0x1000ac20        0x4 CMakeFiles/firmware.dir/C_/Users/aleja/.pico-sdk/sdk/2.1.1/src/rp2_common/pico_runtime_init/runtime_init.c.obj
                0x1000ac20                __pre_init_runtime_init_bootrom_reset
 .preinit_array.00100
                0x1000ac24        0x4 CMakeFiles/firmware.dir/C_/Users/aleja/.pico-sdk/sdk/2.1.1/src/rp2_common/pico_runtime_init/runtime_init.c.obj
                0x1000ac24                __pre_init_runtime_init_early_resets
 .preinit_array.00101
                0x1000ac28        0x4 CMakeFiles/firmware.dir/C_/Users/aleja/.pico-sdk/sdk/2.1.1/src/rp2_common/pico_runtime_init/runtime_init.c.obj
                0x1000ac28                __pre_init_runtime_init_usb_power_down
 .preinit_array.00500
                0x1000ac2c        0x4 CMakeFiles/firmware.dir/C_/Users/aleja/.pico-sdk/sdk/2.1.1/src/rp2_common/pico_runtime_init/runtime_init.c.obj
                0x1000ac2c                __pre_init_runtime_init_clocks
 .preinit_array.00600
                0x1000ac30        0x4 CMakeFiles/firmware.dir/C_/Users/aleja/.pico-sdk/sdk/2.1.1/src/rp2_common/pico_runtime_init/runtime_init.c.obj
                0x1000ac30                __pre_init_runtime_init_post_clock_resets
 .preinit_array.01000
                0x1000ac34        0x4 CMakeFiles/firmware.dir/C_/Users/aleja/.pico-sdk/sdk/2.1.1/src/rp2_common/hardware_boot_lock/boot_lock.c.obj
                0x1000ac34                __pre_init_runtime_init_boot_locks_reset
 .preinit_array.01000
                0x1000ac38        0x4 CMakeFiles/firmware.dir/C_/Users/aleja/.pico-sdk/sdk/2.1.1/src/rp2_common/pico_runtime_init/runtime_init.c.obj
                0x1000ac38                __pre_init_runtime_init_spin_locks_reset
 .preinit_array.01010
                0x1000ac3c        0x4 CMakeFiles/firmware.dir/C_/Users/aleja/.pico-sdk/sdk/2.1.1/src/rp2_common/pico_bootrom/bootrom_lock.c.obj
                0x1000ac3c                __pre_init_runtime_init_bootrom_locking_enable
 .preinit_array.01100
                0x1000ac40        0x4 CMakeFiles/firmware.dir/C_/Users/aleja/.pico-sdk/sdk/2.1.1/src/common/pico_sync/mutex.c.obj
                0x1000ac40                __pre_init_runtime_init_mutex
 .preinit_array.10080
                0x1000ac44        0x4 CMakeFiles/firmware.dir/C_/Users/aleja/.pico-sdk/sdk/2.1.1/src/rp2_common/pico_runtime_init/runtime_init.c.obj
                0x1000ac44                __pre_init_runtime_init_install_ram_vector_table
 .preinit_array.11000
                0x1000ac48        0x4 CMakeFiles/firmware.dir/C_/Users/aleja/.pico-sdk/sdk/2.1.1/src/common/pico_time/time.c.obj
                0x1000ac48                __pre_init_runtime_init_default_alarm_pool
 .preinit_array.YYYYY
                0x1000ac4c        0x4 CMakeFiles/firmware.dir/C_/Users/aleja/.pico-sdk/sdk/2.1.1/src/rp2_common/pico_runtime/runtime.c.obj
                0x1000ac4c                __pre_init_first_per_core_initializer
 .preinit_array.ZZZZZ.00051
                0x1000ac50        0x4 CMakeFiles/firmware.dir/C_/Users/aleja/.pico-sdk/sdk/2.1.1/src/rp2_common/pico_runtime_init/runtime_init.c.obj
                0x1000ac50                __pre_init_runtime_init_per_core_bootrom_reset
 .preinit_array.ZZZZZ.00200
                0x1000ac54        0x4 CMakeFiles/firmware.dir/C_/Users/aleja/.pico-sdk/sdk/2.1.1/src/rp2_common/pico_runtime_init/runtime_init.c.obj
                0x1000ac54                __pre_init_runtime_init_per_core_enable_coprocessors
 .preinit_array.ZZZZZ.01000
                0x1000ac58        0x4 CMakeFiles/firmware.dir/C_/Users/aleja/.pico-sdk/sdk/2.1.1/src/rp2_common/hardware_sync_spin_lock/sync_spin_lock.c.obj
                0x1000ac58                __pre_init_spinlock_set_extexclall
 .preinit_array.ZZZZZ.01200
                0x1000ac5c        0x4 CMakeFiles/firmware.dir/C_/Users/aleja/.pico-sdk/sdk/2.1.1/src/rp2_common/hardware_irq/irq.c.obj
                0x1000ac5c                __pre_init_runtime_init_per_core_irq_priorities
 *(.preinit_array)
                0x1000ac60                        PROVIDE (__preinit_array_end = .)
                0x1000ac60                        . = ALIGN (0x4)
                0x1000ac60                        PROVIDE (__init_array_start = .)
 *(SORT_BY_NAME(.init_array.*))
 *(.init_array)
 .init_array    0x1000ac60        0x4 C:/Users/aleja/.pico-sdk/toolchain/14_2_Rel1/bin/../lib/gcc/arm-none-eabi/14.2.1/thumb/v8-m.main+fp/softfp/crtbegin.o
 .init_array    0x1000ac64        0x4 CMakeFiles/firmware.dir/C_/Users/aleja/.pico-sdk/sdk/2.1.1/src/rp2_common/pico_unique_id/unique_id.c.obj
 .init_array    0x1000ac68        0x4 freertos/libfreertos.a(port.c.obj)
                0x1000ac6c                        PROVIDE (__init_array_end = .)
                0x1000ac6c                        . = ALIGN (0x4)
                [!provide]                        PROVIDE (__fini_array_start = .)
 *(SORT_BY_NAME(.fini_array.*))
 *(.fini_array)
                [!provide]                        PROVIDE (__fini_array_end = .)
 *(.eh_frame*)
 .eh_frame      0x1000ac6c        0x0 C:/Users/aleja/.pico-sdk/toolchain/14_2_Rel1/bin/../lib/gcc/arm-none-eabi/14.2.1/thumb/v8-m.main+fp/softfp/crtbegin.o
                0x1000ac6c                        . = ALIGN (0x4)

.glue_7         0x1000ac6c        0x0
 .glue_7        0x1000ac6c        0x0 linker stubs

.glue_7t        0x1000ac6c        0x0
 .glue_7t       0x1000ac6c        0x0 linker stubs

.vfp11_veneer   0x1000ac6c        0x0
 .vfp11_veneer  0x1000ac6c        0x0 linker stubs

.v4_bx          0x1000ac6c        0x0
 .v4_bx         0x1000ac6c        0x0 linker stubs

.iplt           0x1000ac6c        0x0
 .iplt          0x1000ac6c        0x0 C:/Users/aleja/.pico-sdk/toolchain/14_2_Rel1/bin/../lib/gcc/arm-none-eabi/14.2.1/thumb/v8-m.main+fp/softfp/crtbegin.o

.boot2          0x1000ac6c        0x0
                0x1000ac6c                        __boot2_start__ = .
 *(.boot2)
                0x1000ac6c                        __boot2_end__ = .
                0x00000001                        ASSERT (((__boot2_end__ - __boot2_start__) <= 0x100), ERROR: Pico second stage bootloader must be no more than 256 bytes in size)

.rodata         0x1000ac70      0x5c0
 *(EXCLUDE_FILE(*libm.a: *libc.a:*lib_a-mem*.o *libgcc.a:) .rodata*)
 .rodata.task_Control.str1.4
                0x1000ac70      0x33c CMakeFiles/firmware.dir/firmware.c.obj
                                 0x53 (size before relaxing)
 .rodata.task_Config.str1.4
                0x1000afac       0x98 CMakeFiles/firmware.dir/firmware.c.obj
 .rodata.task_EEPROM.str1.4
                0x1000afac       0x7b CMakeFiles/firmware.dir/firmware.c.obj
 .rodata.main.str1.4
                0x1000afac       0x40 CMakeFiles/firmware.dir/firmware.c.obj
 .rodata.panic.str1.4
                0x1000afac       0x12 CMakeFiles/firmware.dir/C_/Users/aleja/.pico-sdk/sdk/2.1.1/src/rp2_common/pico_platform_panic/panic.c.obj
 .rodata.spin_lock_claim_unused.str1.4
                0x1000afac       0x1b CMakeFiles/firmware.dir/C_/Users/aleja/.pico-sdk/sdk/2.1.1/src/rp2_common/hardware_sync/sync.c.obj
 .rodata.user_irq_claim_unused.str1.4
                0x1000afac       0x1b CMakeFiles/firmware.dir/C_/Users/aleja/.pico-sdk/sdk/2.1.1/src/rp2_common/hardware_irq/irq.c.obj
 .rodata.timer_hardware_alarm_claim.str1.4
                0x1000afac       0x22 CMakeFiles/firmware.dir/C_/Users/aleja/.pico-sdk/sdk/2.1.1/src/rp2_common/hardware_timer/timer.c.obj
 .rodata.hard_assertion_failure.str1.4
                0x1000afac        0xc CMakeFiles/firmware.dir/C_/Users/aleja/.pico-sdk/sdk/2.1.1/src/rp2_common/pico_runtime/runtime.c.obj
 .rodata.__wrap_malloc.str1.4
                0x1000afac        0xe CMakeFiles/firmware.dir/C_/Users/aleja/.pico-sdk/sdk/2.1.1/src/rp2_common/pico_malloc/malloc.c.obj
 .rodata.str1.4
                0x1000afac       0x44 CMakeFiles/firmware.dir/C_/Users/aleja/.pico-sdk/sdk/2.1.1/src/rp2_common/pico_standard_binary_info/standard_binary_info.c.obj
 .rodata.__bi_84
                0x1000afac        0xc CMakeFiles/firmware.dir/C_/Users/aleja/.pico-sdk/sdk/2.1.1/src/rp2_common/pico_standard_binary_info/standard_binary_info.c.obj
 .rodata.__bi_78
                0x1000afb8        0xc CMakeFiles/firmware.dir/C_/Users/aleja/.pico-sdk/sdk/2.1.1/src/rp2_common/pico_standard_binary_info/standard_binary_info.c.obj
 .rodata.__bi_60
                0x1000afc4        0xc CMakeFiles/firmware.dir/C_/Users/aleja/.pico-sdk/sdk/2.1.1/src/rp2_common/pico_standard_binary_info/standard_binary_info.c.obj
 .rodata.__bi_54
                0x1000afd0        0xc CMakeFiles/firmware.dir/C_/Users/aleja/.pico-sdk/sdk/2.1.1/src/rp2_common/pico_standard_binary_info/standard_binary_info.c.obj
 .rodata.__bi_48
                0x1000afdc        0xc CMakeFiles/firmware.dir/C_/Users/aleja/.pico-sdk/sdk/2.1.1/src/rp2_common/pico_standard_binary_info/standard_binary_info.c.obj
 .rodata.__bi_42
                0x1000afe8        0xc CMakeFiles/firmware.dir/C_/Users/aleja/.pico-sdk/sdk/2.1.1/src/rp2_common/pico_standard_binary_info/standard_binary_info.c.obj
 .rodata.__bi_34
                0x1000aff4        0xc CMakeFiles/firmware.dir/C_/Users/aleja/.pico-sdk/sdk/2.1.1/src/rp2_common/pico_standard_binary_info/standard_binary_info.c.obj
 .rodata.__bi_26
                0x1000b000        0xc CMakeFiles/firmware.dir/C_/Users/aleja/.pico-sdk/sdk/2.1.1/src/rp2_common/pico_standard_binary_info/standard_binary_info.c.obj
 .rodata._ftoa.str1.4
                0x1000b00c       0x15 CMakeFiles/firmware.dir/C_/Users/aleja/.pico-sdk/sdk/2.1.1/src/rp2_common/pico_printf/printf.c.obj
 *fill*         0x1000b00c        0x4 
 .rodata.pow10.0
                0x1000b010       0x50 CMakeFiles/firmware.dir/C_/Users/aleja/.pico-sdk/sdk/2.1.1/src/rp2_common/pico_printf/printf.c.obj
 .rodata.crlf_str.0
                0x1000b060        0x2 CMakeFiles/firmware.dir/C_/Users/aleja/.pico-sdk/sdk/2.1.1/src/rp2_common/pico_stdio/stdio.c.obj
 *fill*         0x1000b062        0x2 
 .rodata._resetd_driver
                0x1000b064       0x20 CMakeFiles/firmware.dir/C_/Users/aleja/.pico-sdk/sdk/2.1.1/src/rp2_common/pico_stdio_usb/reset_interface.c.obj
 .rodata.desc_ms_os_20
                0x1000b084       0xa6 CMakeFiles/firmware.dir/C_/Users/aleja/.pico-sdk/sdk/2.1.1/src/rp2_common/pico_stdio_usb/reset_interface.c.obj
 *fill*         0x1000b12a        0x2 
 .rodata.desc_bos
                0x1000b12c       0x21 CMakeFiles/firmware.dir/C_/Users/aleja/.pico-sdk/sdk/2.1.1/src/rp2_common/pico_stdio_usb/reset_interface.c.obj
                0x1000b12c                desc_bos
 .rodata.str1.4
                0x1000b14d       0x13 CMakeFiles/firmware.dir/C_/Users/aleja/.pico-sdk/sdk/2.1.1/src/rp2_common/pico_stdio_usb/stdio_usb.c.obj
 *fill*         0x1000b14d        0x3 
 .rodata.__bi_197.0
                0x1000b150        0xc CMakeFiles/firmware.dir/C_/Users/aleja/.pico-sdk/sdk/2.1.1/src/rp2_common/pico_stdio_usb/stdio_usb.c.obj
 .rodata.str1.4
                0x1000b15c       0x2a CMakeFiles/firmware.dir/C_/Users/aleja/.pico-sdk/sdk/2.1.1/src/rp2_common/pico_stdio_usb/stdio_usb_descriptors.c.obj
 .rodata.usbd_desc_str
                0x1000b15c       0x18 CMakeFiles/firmware.dir/C_/Users/aleja/.pico-sdk/sdk/2.1.1/src/rp2_common/pico_stdio_usb/stdio_usb_descriptors.c.obj
 .rodata.usbd_desc_cfg
                0x1000b174       0x54 CMakeFiles/firmware.dir/C_/Users/aleja/.pico-sdk/sdk/2.1.1/src/rp2_common/pico_stdio_usb/stdio_usb_descriptors.c.obj
 .rodata.usbd_desc_device
                0x1000b1c8       0x12 CMakeFiles/firmware.dir/C_/Users/aleja/.pico-sdk/sdk/2.1.1/src/rp2_common/pico_stdio_usb/stdio_usb_descriptors.c.obj
 .rodata.str1.4
                0x1000b1da       0x14 CMakeFiles/firmware.dir/C_/Users/aleja/.pico-sdk/sdk/2.1.1/lib/tinyusb/src/portable/raspberrypi/rp2040/dcd_rp2040.c.obj
 .rodata.str1.4
                0x1000b1da       0x48 CMakeFiles/firmware.dir/C_/Users/aleja/.pico-sdk/sdk/2.1.1/lib/tinyusb/src/portable/raspberrypi/rp2040/rp2040_usb.c.obj
 *fill*         0x1000b1da        0x2 
 .rodata._usbd_driver
                0x1000b1dc       0x40 CMakeFiles/firmware.dir/C_/Users/aleja/.pico-sdk/sdk/2.1.1/lib/tinyusb/src/device/usbd.c.obj
 .rodata        0x1000b21c       0x10 lcd/liblcd.a(lcd.c.obj)
 .rodata.uxTopUsedPriority
                0x1000b22c        0x4 freertos/libfreertos.a(tasks.c.obj)
 .rodata.xTimerCreateTimerTask.str1.4
                0x1000b230       0x10 freertos/libfreertos.a(timers.c.obj)
 *(.srodata*)
                0x1000b240                        . = ALIGN (0x4)
 *(SORT_BY_ALIGNMENT(SORT_BY_NAME(.flashdata*)))
                0x1000b240                        . = ALIGN (0x4)

.ARM.extab
 *(.ARM.extab* .gnu.linkonce.armextab.*)
                0x1000b230                        __exidx_start = .

.ARM.exidx      0x1000b230        0x8
 *(.ARM.exidx* .gnu.linkonce.armexidx.*)
 .ARM.exidx     0x1000b230        0x8 C:/Users/aleja/.pico-sdk/toolchain/14_2_Rel1/bin/../lib/gcc/arm-none-eabi/14.2.1/thumb/v8-m.main+fp/softfp\libg.a(libc_a-memcpy.o)
 .ARM.exidx.text.__udivmoddi4
                0x1000b238        0x0 C:/Users/aleja/.pico-sdk/toolchain/14_2_Rel1/bin/../lib/gcc/arm-none-eabi/14.2.1/thumb/v8-m.main+fp/softfp\libgcc.a(_udivmoddi4.o)
                                  0x8 (size before relaxing)
                0x1000b238                        __exidx_end = .
                0x1000b238                        . = ALIGN (0x4)
                0x1000b238                        __binary_info_start = .

.binary_info    0x1000b238       0x24
 *(.binary_info.keep.*)
 .binary_info.keep.__bi_ptr84
                0x1000b238        0x4 CMakeFiles/firmware.dir/C_/Users/aleja/.pico-sdk/sdk/2.1.1/src/rp2_common/pico_standard_binary_info/standard_binary_info.c.obj
 .binary_info.keep.__bi_ptr78
                0x1000b23c        0x4 CMakeFiles/firmware.dir/C_/Users/aleja/.pico-sdk/sdk/2.1.1/src/rp2_common/pico_standard_binary_info/standard_binary_info.c.obj
 .binary_info.keep.__bi_ptr60
                0x1000b240        0x4 CMakeFiles/firmware.dir/C_/Users/aleja/.pico-sdk/sdk/2.1.1/src/rp2_common/pico_standard_binary_info/standard_binary_info.c.obj
 .binary_info.keep.__bi_ptr54
                0x1000b244        0x4 CMakeFiles/firmware.dir/C_/Users/aleja/.pico-sdk/sdk/2.1.1/src/rp2_common/pico_standard_binary_info/standard_binary_info.c.obj
 .binary_info.keep.__bi_ptr48
                0x1000b248        0x4 CMakeFiles/firmware.dir/C_/Users/aleja/.pico-sdk/sdk/2.1.1/src/rp2_common/pico_standard_binary_info/standard_binary_info.c.obj
 .binary_info.keep.__bi_ptr42
                0x1000b24c        0x4 CMakeFiles/firmware.dir/C_/Users/aleja/.pico-sdk/sdk/2.1.1/src/rp2_common/pico_standard_binary_info/standard_binary_info.c.obj
 .binary_info.keep.__bi_ptr34
                0x1000b250        0x4 CMakeFiles/firmware.dir/C_/Users/aleja/.pico-sdk/sdk/2.1.1/src/rp2_common/pico_standard_binary_info/standard_binary_info.c.obj
 .binary_info.keep.__bi_ptr26
                0x1000b254        0x4 CMakeFiles/firmware.dir/C_/Users/aleja/.pico-sdk/sdk/2.1.1/src/rp2_common/pico_standard_binary_info/standard_binary_info.c.obj
 *(.binary_info.*)
 .binary_info.__bi_ptr197
                0x1000b258        0x4 CMakeFiles/firmware.dir/C_/Users/aleja/.pico-sdk/sdk/2.1.1/src/rp2_common/pico_stdio_usb/stdio_usb.c.obj
                0x1000b25c                        __binary_info_end = .
                0x1000b25c                        . = ALIGN (0x4)

.ram_vector_table
                0x20000000      0x110
 *(.ram_vector_table)
 .ram_vector_table
                0x20000000      0x110 CMakeFiles/firmware.dir/C_/Users/aleja/.pico-sdk/sdk/2.1.1/src/rp2_common/pico_runtime_init/runtime_init.c.obj
                0x20000000                ram_vector_table

.uninitialized_data
                0x20000110        0x0
                0x20000110                        . = ALIGN (0x4)
 *(.uninitialized_data*)

.data           0x20000110     0x19f8 load address 0x1000b25c
                0x20000110                        __data_start__ = .
 *(vtable)
 *(.time_critical*)
 .time_critical.mutex_try_enter
                0x20000110       0x50 CMakeFiles/firmware.dir/C_/Users/aleja/.pico-sdk/sdk/2.1.1/src/common/pico_sync/mutex.c.obj
                0x20000110                mutex_try_enter
 .time_critical.mutex_enter_block_until
                0x20000160       0x6c CMakeFiles/firmware.dir/C_/Users/aleja/.pico-sdk/sdk/2.1.1/src/common/pico_sync/mutex.c.obj
                0x20000160                mutex_enter_block_until
 .time_critical.mutex_try_enter_block_until
                0x200001cc       0x68 CMakeFiles/firmware.dir/C_/Users/aleja/.pico-sdk/sdk/2.1.1/src/common/pico_sync/mutex.c.obj
                0x200001cc                mutex_try_enter_block_until
 .time_critical.mutex_enter_timeout_ms
                0x20000234       0x38 CMakeFiles/firmware.dir/C_/Users/aleja/.pico-sdk/sdk/2.1.1/src/common/pico_sync/mutex.c.obj
                0x20000234                mutex_enter_timeout_ms
 .time_critical.mutex_exit
                0x2000026c       0x3c CMakeFiles/firmware.dir/C_/Users/aleja/.pico-sdk/sdk/2.1.1/src/common/pico_sync/mutex.c.obj
                0x2000026c                mutex_exit
 .time_critical.reset_non_control_endpoints
                0x200002a8       0x64 CMakeFiles/firmware.dir/C_/Users/aleja/.pico-sdk/sdk/2.1.1/lib/tinyusb/src/portable/raspberrypi/rp2040/dcd_rp2040.c.obj
 .time_critical.hw_handle_buff_status
                0x2000030c       0x90 CMakeFiles/firmware.dir/C_/Users/aleja/.pico-sdk/sdk/2.1.1/lib/tinyusb/src/portable/raspberrypi/rp2040/dcd_rp2040.c.obj
 .time_critical.dcd_rp2040_irq
                0x2000039c      0x530 CMakeFiles/firmware.dir/C_/Users/aleja/.pico-sdk/sdk/2.1.1/lib/tinyusb/src/portable/raspberrypi/rp2040/dcd_rp2040.c.obj
 .time_critical.prepare_ep_buffer
                0x200008cc       0xc0 CMakeFiles/firmware.dir/C_/Users/aleja/.pico-sdk/sdk/2.1.1/lib/tinyusb/src/portable/raspberrypi/rp2040/rp2040_usb.c.obj
 .time_critical.sync_ep_buffer
                0x2000098c       0xb4 CMakeFiles/firmware.dir/C_/Users/aleja/.pico-sdk/sdk/2.1.1/lib/tinyusb/src/portable/raspberrypi/rp2040/rp2040_usb.c.obj
 .time_critical._hw_endpoint_xfer_sync
                0x20000a40       0x2c CMakeFiles/firmware.dir/C_/Users/aleja/.pico-sdk/sdk/2.1.1/lib/tinyusb/src/portable/raspberrypi/rp2040/rp2040_usb.c.obj
 .time_critical.e15_is_bulkin_ep
                0x20000a6c       0x28 CMakeFiles/firmware.dir/C_/Users/aleja/.pico-sdk/sdk/2.1.1/lib/tinyusb/src/portable/raspberrypi/rp2040/rp2040_usb.c.obj
 .time_critical.e15_is_critical_frame_period
                0x20000a94       0x28 CMakeFiles/firmware.dir/C_/Users/aleja/.pico-sdk/sdk/2.1.1/lib/tinyusb/src/portable/raspberrypi/rp2040/rp2040_usb.c.obj
 .time_critical.hw_endpoint_reset_transfer
                0x20000abc        0xc CMakeFiles/firmware.dir/C_/Users/aleja/.pico-sdk/sdk/2.1.1/lib/tinyusb/src/portable/raspberrypi/rp2040/rp2040_usb.c.obj
                0x20000abc                hw_endpoint_reset_transfer
 .time_critical._hw_endpoint_buffer_control_update32
                0x20000ac8       0x44 CMakeFiles/firmware.dir/C_/Users/aleja/.pico-sdk/sdk/2.1.1/lib/tinyusb/src/portable/raspberrypi/rp2040/rp2040_usb.c.obj
                0x20000ac8                _hw_endpoint_buffer_control_update32
 .time_critical.hw_endpoint_start_next_buffer
                0x20000b0c       0x64 CMakeFiles/firmware.dir/C_/Users/aleja/.pico-sdk/sdk/2.1.1/lib/tinyusb/src/portable/raspberrypi/rp2040/rp2040_usb.c.obj
                0x20000b0c                hw_endpoint_start_next_buffer
 .time_critical.hw_endpoint_xfer_continue
                0x20000b70       0x3c CMakeFiles/firmware.dir/C_/Users/aleja/.pico-sdk/sdk/2.1.1/lib/tinyusb/src/portable/raspberrypi/rp2040/rp2040_usb.c.obj
                0x20000b70                hw_endpoint_xfer_continue
 .time_critical.tinyusb
                0x20000bac      0x224 CMakeFiles/firmware.dir/C_/Users/aleja/.pico-sdk/sdk/2.1.1/lib/tinyusb/src/device/usbd.c.obj
                0x20000bac                dcd_event_handler
 *(.text*)
 .text          0x20000dd0      0x378 C:/Users/aleja/.pico-sdk/toolchain/14_2_Rel1/bin/../lib/gcc/arm-none-eabi/14.2.1/thumb/v8-m.main+fp/softfp\libgcc.a(_arm_addsubdf3.o)
                0x20000dd0                __aeabi_drsub
                0x20000dd8                __aeabi_dsub
                0x20000dd8                __subdf3
                0x20000ddc                __aeabi_dadd
                0x20000ddc                __adddf3
                0x20001054                __floatunsidf
                0x20001054                __aeabi_ui2d
                0x20001074                __floatsidf
                0x20001074                __aeabi_i2d
                0x20001098                __aeabi_f2d
                0x20001098                __extendsfdf2
                0x200010dc                __floatundidf
                0x200010dc                __aeabi_ul2d
                0x200010ec                __floatdidf
                0x200010ec                __aeabi_l2d
 .text          0x20001148       0x30 C:/Users/aleja/.pico-sdk/toolchain/14_2_Rel1/bin/../lib/gcc/arm-none-eabi/14.2.1/thumb/v8-m.main+fp/softfp\libgcc.a(_aeabi_uldivmod.o)
                0x20001148                __aeabi_uldivmod
 .text.__udivmoddi4
                0x20001178      0x34c C:/Users/aleja/.pico-sdk/toolchain/14_2_Rel1/bin/../lib/gcc/arm-none-eabi/14.2.1/thumb/v8-m.main+fp/softfp\libgcc.a(_udivmoddi4.o)
                0x20001178                __udivmoddi4
 .text          0x200014c4        0x4 C:/Users/aleja/.pico-sdk/toolchain/14_2_Rel1/bin/../lib/gcc/arm-none-eabi/14.2.1/thumb/v8-m.main+fp/softfp\libgcc.a(_dvmd_tls.o)
                0x200014c4                __aeabi_idiv0
                0x200014c4                __aeabi_ldiv0
 .text.__stub   0x200014c8       0x30 linker stubs
                0x200014f8                        . = ALIGN (0x4)
 *(.rodata*)
                0x200014f8                        . = ALIGN (0x4)
 *(.data*)
 .data.addr_lecturas.1
                0x200014f8        0x2 CMakeFiles/firmware.dir/firmware.c.obj
 .data.addr_alarmas.2
                0x200014fa        0x2 CMakeFiles/firmware.dir/firmware.c.obj
 .data.last_sw_state
                0x200014fc        0x1 CMakeFiles/firmware.dir/firmware.c.obj
                0x200014fc                last_sw_state
 .data.last_clk_state
                0x200014fd        0x1 CMakeFiles/firmware.dir/firmware.c.obj
                0x200014fd                last_clk_state
 .data.striped_spin_lock_num
                0x200014fe        0x1 CMakeFiles/firmware.dir/C_/Users/aleja/.pico-sdk/sdk/2.1.1/src/rp2_common/hardware_sync/sync.c.obj
 *fill*         0x200014ff        0x1 
 .data          0x20001500       0x48 CMakeFiles/firmware.dir/C_/Users/aleja/.pico-sdk/sdk/2.1.1/src/rp2_common/hardware_irq/irq_handler_chain.S.obj
                0x20001500                irq_handler_chain_slots
                0x20001530                irq_handler_chain_first_slot
                0x2000153a                irq_handler_chain_remove_tail
 .data.default_alarm_pool
                0x20001548       0x18 CMakeFiles/firmware.dir/C_/Users/aleja/.pico-sdk/sdk/2.1.1/src/common/pico_time/time.c.obj
 .data.stdio_usb
                0x20001560       0x18 CMakeFiles/firmware.dir/C_/Users/aleja/.pico-sdk/sdk/2.1.1/src/rp2_common/pico_stdio_usb/stdio_usb.c.obj
                0x20001560                stdio_usb
 .data._usbd_qdef
                0x20001578       0x1c CMakeFiles/firmware.dir/C_/Users/aleja/.pico-sdk/sdk/2.1.1/lib/tinyusb/src/device/usbd.c.obj
                0x20001578                _usbd_qdef
 .data._usbd_rhport
                0x20001594        0x1 CMakeFiles/firmware.dir/C_/Users/aleja/.pico-sdk/sdk/2.1.1/lib/tinyusb/src/device/usbd.c.obj
 *fill*         0x20001595        0x3 
 .data.i2c0_inst
                0x20001598        0x8 CMakeFiles/firmware.dir/C_/Users/aleja/.pico-sdk/sdk/2.1.1/src/rp2_common/hardware_i2c/i2c.c.obj
                0x20001598                i2c0_inst
 .data.ucPrimaryCoreNum
                0x200015a0        0x1 freertos/libfreertos.a(port.c.obj)
 *fill*         0x200015a1        0x3 
 .data.ulCriticalNesting
                0x200015a4        0x4 freertos/libfreertos.a(port.c.obj)
 .data.__malloc_sbrk_base
                0x200015a8        0x4 C:/Users/aleja/.pico-sdk/toolchain/14_2_Rel1/bin/../lib/gcc/arm-none-eabi/14.2.1/thumb/v8-m.main+fp/softfp\libg.a(libc_a-mallocr.o)
                0x200015a8                __malloc_sbrk_base
 .data.__malloc_trim_threshold
                0x200015ac        0x4 C:/Users/aleja/.pico-sdk/toolchain/14_2_Rel1/bin/../lib/gcc/arm-none-eabi/14.2.1/thumb/v8-m.main+fp/softfp\libg.a(libc_a-mallocr.o)
                0x200015ac                __malloc_trim_threshold
 .data.__malloc_av_